.//mod_time_spectra.F:                    WidthWaveMaker,R_sponge_wavemaker,A_sponge_wavemaker, &
.//#sponge.F#:                            R_sponge,A_sponge,SPONGE)
.//#sponge.F#:                          R_sponge,A_sponge
.//#sponge.F#:!       ri = R_Sponge**(50*(i+npx*Mglob/px-1)/(Iwidth-1))
.//#sponge.F#:	ri = R_Sponge**(50*(i + (iista - 1) -1)/(Iwidth-1))
.//#sponge.F#:       ri=R_sponge**(50*(I-1)/(Iwidth-1))
.//#sponge.F#:                            R_sponge,A_sponge,SPONGE)
.//#sponge.F#:                          R_sponge,A_sponge
.//#sponge.F#:                            R_sponge,A_sponge,SPONGE)
.//#sponge.F#:                          R_sponge,A_sponge
.//#sponge.F#:                            R_sponge,A_sponge,SPONGE)
.//#sponge.F#:                          R_sponge,A_sponge
.//#sponge.F#:!       ri = R_Sponge**(50*(i+npx*Mglob/px-1)/(Iwidth-1))
.//#sponge.F#:       ri = R_Sponge**(50*(i+(iista-1)-1)/(Iwidth-1))
.//#sponge.F#:       ri=R_sponge**(50*(I-1)/(Iwidth-1))
.//#sponge.F#:!       ri = R_Sponge**(50*(M-i+(px-npx-1)*Mglob/px)/(Iwidth-1))
.//#sponge.F#:       ri = R_Sponge**(50*(M-i+(px-npx-1)*(iiend - iista + 1))/(Iwidth-1))
.//#sponge.F#:       ri=R_sponge**(50*(M-I)/(Iwidth-1))
.//#sponge.F#:        IF(Sponge(I,J)<A_Sponge**(R_Sponge**50))Sponge(I,J)=1.0_SP
.//#sponge.F#:!       ri=R_sponge**(50*(J+npy*Nglob/py-1)/(Iwidth-1))
.//#sponge.F#:       ri=R_sponge**(50*(J+ (jjsta - 1) -1)/(Iwidth-1))
.//#sponge.F#:       ri=R_sponge**(50*(J-1)/(Iwidth-1))
.//#sponge.F#:!       ri = R_Sponge**(50*(N-J+(py-npy-1)*Nglob/py)/(Iwidth-1))
.//#sponge.F#:       ri = R_Sponge**(50*(N-J+(py-npy-1)*(jjend - jjsta + 1) )/(Iwidth-1))
.//#sponge.F#:       ri=R_sponge**(50*(N-J)/(Iwidth-1))	  
.//#sponge.F#:        IF(Sponge(I,J)<A_Sponge**(R_Sponge**50))Sponge(I,J)=1.0_SP	  
.//sponge.F:                            R_sponge,A_sponge,SPONGE)
.//sponge.F:                          R_sponge,A_sponge
.//sponge.F:!       ri = R_Sponge**(50*(i+npx*Mglob/px-1)/(Iwidth-1))
.//sponge.F:	ri = R_Sponge**(50*(i + (iista - 1) -1)/(Iwidth-1))
.//sponge.F:       ri=R_sponge**(50*(I-1)/(Iwidth-1))
.//sponge.F:                            R_sponge,A_sponge,SPONGE)
.//sponge.F:                          R_sponge,A_sponge
.//sponge.F:                            R_sponge,A_sponge,SPONGE)
.//sponge.F:                          R_sponge,A_sponge
.//sponge.F:                            R_sponge,A_sponge,SPONGE)
.//sponge.F:                          R_sponge,A_sponge
.//sponge.F:!       ri = R_Sponge**(50*(i+npx*Mglob/px-1)/(Iwidth-1))
.//sponge.F:       ri = R_Sponge**(50*(i+(iista-1)-1)/(Iwidth-1))
.//sponge.F:       ri=R_sponge**(50*(I-1)/(Iwidth-1))
.//sponge.F:!       ri = R_Sponge**(50*(M-i+(px-npx-1)*Mglob/px)/(Iwidth-1))
.//sponge.F:       ri = R_Sponge**(50*(M-i+(px-npx-1)*(iiend - iista + 1))/(Iwidth-1))
.//sponge.F:       ri=R_sponge**(50*(M-I)/(Iwidth-1))
.//sponge.F:        IF(Sponge(I,J)<A_Sponge**(R_Sponge**50))Sponge(I,J)=1.0_SP
.//sponge.F:!       ri=R_sponge**(50*(J+npy*Nglob/py-1)/(Iwidth-1))
.//sponge.F:       ri=R_sponge**(50*(J+ (jjsta - 1) -1)/(Iwidth-1))
.//sponge.F:       ri=R_sponge**(50*(J-1)/(Iwidth-1))
.//sponge.F:!       ri = R_Sponge**(50*(N-J+(py-npy-1)*Nglob/py)/(Iwidth-1))
.//sponge.F:       ri = R_Sponge**(50*(N-J+(py-npy-1)*(jjend - jjsta + 1) )/(Iwidth-1))
.//sponge.F:       ri=R_sponge**(50*(N-J)/(Iwidth-1))	  
.//sponge.F:        IF(Sponge(I,J)<A_Sponge**(R_Sponge**50))Sponge(I,J)=1.0_SP	  
.//mod_global.F:                  R_sponge,A_sponge
.//mod_global.F:                   R_sponge_wavemaker,A_sponge_wavemaker
.//io.F:        CALL READ_FLOAT(R_sponge_wavemaker,FILE_NAME,'R_sponge_wavemaker',ierr)
.//io.F:        CALL READ_FLOAT(R_sponge,FILE_NAME,'R_sponge',ierr)
.//io.F:        R_sponge = 0.85_SP
.//io.F:         WRITE(*,'(A40)')'R_sponge Default:  0.85'
.//io.F:         WRITE(3,'(A40)')'R_sponge Default:  0.85'
.//io.F:         WRITE(*,'(A40)')'R_sponge Default:  0.85'
.//io.F:         WRITE(3,'(A40)')'R_sponge Default:  0.85'
.//io.F:        if (myid.eq.0) WRITE(3,'(A20,F12.2)')'R_sponge          =', R_sponge
.//io.F:        WRITE(3,'(A20,F12.2)')'R_sponge          =', R_sponge
.//init.F:                            R_sponge,A_sponge,SPONGE)
.//init.F:                            R_sponge,A_sponge,nu_sponge)
.//init.F:                            R_sponge,A_sponge,CD_4_SPONGE)
.//init.F:                            R_sponge_wavemaker,A_sponge_wavemaker,SpongeMaker)
