 archiving: /scratch/grimesdj/ripchannel/spreadRip/mat_data/funwave_barRip1_h10t10s10d00_BrkSrcX_10.nc 

                            < M A T L A B (R) >
                  Copyright 1984-2024 The MathWorks, Inc.
             R2024a Update 3 (24.1.0.2603908) 64-bit (glnxa64)
                                May 2, 2024

 
To get started, type doc.
For product information, visit www.mathworks.com.
 
>> >> >> >> >> >> >> >> >> >> >> >> >> >> >>>>>>>>>>>>>>>>>>>>>>>>>>>>>>>>>>>>>>>>>>>>>>>>>>>>>>>>>>>>>>>>>>>>>>>>>>>>>>>>>>>>>>>>>>>>>>>>>>>>>>>>>>>>>>>>>>>>>>>>>>>>>>>>>>>>>>>>
 processing: spreadRip barRip0_h10t10s00d00 

ans =

     0


Restricting cross-shore analysis to x<=400.000000
loading from: funwave_barRip0_h10t10s00d00_uwavg_01.nc 
[2026-01-07T13:10:13.057] error: *** JOB 1026111 ON quad1 CANCELLED AT 2026-01-07T13:10:13 DUE to SIGNAL Terminated ***
 archiving: /scratch/grimesdj/ripchannel/spreadRip/mat_data/funwave_barRip1_h10t10s10d00_BrkSrcX_11.nc 
 archiving: /scratch/grimesdj/ripchannel/spreadRip/mat_data/funwave_barRip1_h10t10s10d00_BrkSrcX_12.nc 
working on: BrkSrcY
	removing old files:
rm: cannot remove '/scratch/grimesdj/ripchannel/spreadRip/mat_data/funwave_barRip1_h10t10s10d00_BrkSrcY_*.nc': No such file or directory
 archiving: /scratch/grimesdj/ripchannel/spreadRip/mat_data/funwave_barRip1_h10t10s10d00_BrkSrcY_01.nc 
 archiving: /scratch/grimesdj/ripchannel/spreadRip/mat_data/funwave_barRip1_h10t10s10d00_BrkSrcY_02.nc 
 archiving: /scratch/grimesdj/ripchannel/spreadRip/mat_data/funwave_barRip1_h10t10s10d00_BrkSrcY_03.nc 
 archiving: /scratch/grimesdj/ripchannel/spreadRip/mat_data/funwave_barRip1_h10t10s10d00_BrkSrcY_04.nc 
 archiving: /scratch/grimesdj/ripchannel/spreadRip/mat_data/funwave_barRip1_h10t10s10d00_BrkSrcY_05.nc 
 archiving: /scratch/grimesdj/ripchannel/spreadRip/mat_data/funwave_barRip1_h10t10s10d00_BrkSrcY_06.nc 
 archiving: /scratch/grimesdj/ripchannel/spreadRip/mat_data/funwave_barRip1_h10t10s10d00_BrkSrcY_07.nc 
 archiving: /scratch/grimesdj/ripchannel/spreadRip/mat_data/funwave_barRip1_h10t10s10d00_BrkSrcY_08.nc 
 archiving: /scratch/grimesdj/ripchannel/spreadRip/mat_data/funwave_barRip1_h10t10s10d00_BrkSrcY_09.nc 
 archiving: /scratch/grimesdj/ripchannel/spreadRip/mat_data/funwave_barRip1_h10t10s10d00_BrkSrcY_10.nc 
 archiving: /scratch/grimesdj/ripchannel/spreadRip/mat_data/funwave_barRip1_h10t10s10d00_BrkSrcY_11.nc 
 archiving: /scratch/grimesdj/ripchannel/spreadRip/mat_data/funwave_barRip1_h10t10s10d00_BrkSrcY_12.nc 
loading eta from: funwave_barRip1_h10t10s10d00_eta_01.nc 
loading eta from: funwave_barRip1_h10t10s10d00_eta_02.nc 
loading eta from: funwave_barRip1_h10t10s10d00_eta_03.nc 
loading eta from: funwave_barRip1_h10t10s10d00_eta_04.nc 
loading eta from: funwave_barRip1_h10t10s10d00_eta_05.nc 
loading eta from: funwave_barRip1_h10t10s10d00_eta_06.nc 
loading eta from: funwave_barRip1_h10t10s10d00_eta_07.nc 
loading eta from: funwave_barRip1_h10t10s10d00_eta_08.nc 
loading eta from: funwave_barRip1_h10t10s10d00_eta_09.nc 
loading eta from: funwave_barRip1_h10t10s10d00_eta_10.nc 
loading eta from: funwave_barRip1_h10t10s10d00_eta_11.nc 
loading eta from: funwave_barRip1_h10t10s10d00_eta_12.nc 

fout_stats =

  2x1 cell array

    {'/scratch/grimesdj/ripchannel/spreadRip//figures/barRip1_h10t10s10d00_crest_length.pdf'           }
    {'/scratch/grimesdj/ripchannel/spreadRip//figures/barRip1_h10t10s10d00_wave_height_and_spectra.pdf'}


 processing fast-time: spreadRip - barRip1_h10t10s20d00 
working on: eta
	removing old files:
rm: cannot remove '/scratch/grimesdj/ripchannel/spreadRip/mat_data/funwave_barRip1_h10t10s20d00_eta_*.nc': No such file or directory
 archiving: /scratch/grimesdj/ripchannel/spreadRip/mat_data/funwave_barRip1_h10t10s20d00_eta_01.nc 
 archiving: /scratch/grimesdj/ripchannel/spreadRip/mat_data/funwave_barRip1_h10t10s20d00_eta_02.nc 
 archiving: /scratch/grimesdj/ripchannel/spreadRip/mat_data/funwave_barRip1_h10t10s20d00_eta_03.nc 
 archiving: /scratch/grimesdj/ripchannel/spreadRip/mat_data/funwave_barRip1_h10t10s20d00_eta_04.nc 
 archiving: /scratch/grimesdj/ripchannel/spreadRip/mat_data/funwave_barRip1_h10t10s20d00_eta_05.nc 
 archiving: /scratch/grimesdj/ripchannel/spreadRip/mat_data/funwave_barRip1_h10t10s20d00_eta_06.nc 
 archiving: /scratch/grimesdj/ripchannel/spreadRip/mat_data/funwave_barRip1_h10t10s20d00_eta_07.nc 
 archiving: /scratch/grimesdj/ripchannel/spreadRip/mat_data/funwave_barRip1_h10t10s20d00_eta_08.nc 
 archiving: /scratch/grimesdj/ripchannel/spreadRip/mat_data/funwave_barRip1_h10t10s20d00_eta_09.nc 
 archiving: /scratch/grimesdj/ripchannel/spreadRip/mat_data/funwave_barRip1_h10t10s20d00_eta_10.nc 
 archiving: /scratch/grimesdj/ripchannel/spreadRip/mat_data/funwave_barRip1_h10t10s20d00_eta_11.nc 
 archiving: /scratch/grimesdj/ripchannel/spreadRip/mat_data/funwave_barRip1_h10t10s20d00_eta_12.nc 
working on: mask
	removing old files:
rm: cannot remove '/scratch/grimesdj/ripchannel/spreadRip/mat_data/funwave_barRip1_h10t10s20d00_mask_*.nc': No such file or directory
 archiving: /scratch/grimesdj/ripchannel/spreadRip/mat_data/funwave_barRip1_h10t10s20d00_mask_01.nc 
 archiving: /scratch/grimesdj/ripchannel/spreadRip/mat_data/funwave_barRip1_h10t10s20d00_mask_02.nc 
 archiving: /scratch/grimesdj/ripchannel/spreadRip/mat_data/funwave_barRip1_h10t10s20d00_mask_03.nc 
 archiving: /scratch/grimesdj/ripchannel/spreadRip/mat_data/funwave_barRip1_h10t10s20d00_mask_04.nc 
 archiving: /scratch/grimesdj/ripchannel/spreadRip/mat_data/funwave_barRip1_h10t10s20d00_mask_05.nc 
 archiving: /scratch/grimesdj/ripchannel/spreadRip/mat_data/funwave_barRip1_h10t10s20d00_mask_06.nc 
 archiving: /scratch/grimesdj/ripchannel/spreadRip/mat_data/funwave_barRip1_h10t10s20d00_mask_07.nc 
 archiving: /scratch/grimesdj/ripchannel/spreadRip/mat_data/funwave_barRip1_h10t10s20d00_mask_08.nc 
 archiving: /scratch/grimesdj/ripchannel/spreadRip/mat_data/funwave_barRip1_h10t10s20d00_mask_09.nc 
 archiving: /scratch/grimesdj/ripchannel/spreadRip/mat_data/funwave_barRip1_h10t10s20d00_mask_10.nc 
 archiving: /scratch/grimesdj/ripchannel/spreadRip/mat_data/funwave_barRip1_h10t10s20d00_mask_11.nc 
 archiving: /scratch/grimesdj/ripchannel/spreadRip/mat_data/funwave_barRip1_h10t10s20d00_mask_12.nc 
working on: BrkSrcX
	removing old files:
rm: cannot remove '/scratch/grimesdj/ripchannel/spreadRip/mat_data/funwave_barRip1_h10t10s20d00_BrkSrcX_*.nc': No such file or directory
 archiving: /scratch/grimesdj/ripchannel/spreadRip/mat_data/funwave_barRip1_h10t10s20d00_BrkSrcX_01.nc 
 archiving: /scratch/grimesdj/ripchannel/spreadRip/mat_data/funwave_barRip1_h10t10s20d00_BrkSrcX_02.nc 
 archiving: /scratch/grimesdj/ripchannel/spreadRip/mat_data/funwave_barRip1_h10t10s20d00_BrkSrcX_03.nc 
 archiving: /scratch/grimesdj/ripchannel/spreadRip/mat_data/funwave_barRip1_h10t10s20d00_BrkSrcX_04.nc 
 archiving: /scratch/grimesdj/ripchannel/spreadRip/mat_data/funwave_barRip1_h10t10s20d00_BrkSrcX_05.nc 
 archiving: /scratch/grimesdj/ripchannel/spreadRip/mat_data/funwave_barRip1_h10t10s20d00_BrkSrcX_06.nc 
 archiving: /scratch/grimesdj/ripchannel/spreadRip/mat_data/funwave_barRip1_h10t10s20d00_BrkSrcX_07.nc 
 archiving: /scratch/grimesdj/ripchannel/spreadRip/mat_data/funwave_barRip1_h10t10s20d00_BrkSrcX_08.nc 
 archiving: /scratch/grimesdj/ripchannel/spreadRip/mat_data/funwave_barRip1_h10t10s20d00_BrkSrcX_09.nc 
 archiving: /scratch/grimesdj/ripchannel/spreadRip/mat_data/funwave_barRip1_h10t10s20d00_BrkSrcX_10.nc 
 archiving: /scratch/grimesdj/ripchannel/spreadRip/mat_data/funwave_barRip1_h10t10s20d00_BrkSrcX_11.nc 
 archiving: /scratch/grimesdj/ripchannel/spreadRip/mat_data/funwave_barRip1_h10t10s20d00_BrkSrcX_12.nc 
working on: BrkSrcY
	removing old files:
rm: cannot remove '/scratch/grimesdj/ripchannel/spreadRip/mat_data/funwave_barRip1_h10t10s20d00_BrkSrcY_*.nc': No such file or directory
 archiving: /scratch/grimesdj/ripchannel/spreadRip/mat_data/funwave_barRip1_h10t10s20d00_BrkSrcY_01.nc 
 archiving: /scratch/grimesdj/ripchannel/spreadRip/mat_data/funwave_barRip1_h10t10s20d00_BrkSrcY_02.nc 
 archiving: /scratch/grimesdj/ripchannel/spreadRip/mat_data/funwave_barRip1_h10t10s20d00_BrkSrcY_03.nc 
 archiving: /scratch/grimesdj/ripchannel/spreadRip/mat_data/funwave_barRip1_h10t10s20d00_BrkSrcY_04.nc 
 archiving: /scratch/grimesdj/ripchannel/spreadRip/mat_data/funwave_barRip1_h10t10s20d00_BrkSrcY_05.nc 
 archiving: /scratch/grimesdj/ripchannel/spreadRip/mat_data/funwave_barRip1_h10t10s20d00_BrkSrcY_06.nc 
 archiving: /scratch/grimesdj/ripchannel/spreadRip/mat_data/funwave_barRip1_h10t10s20d00_BrkSrcY_07.nc 
 archiving: /scratch/grimesdj/ripchannel/spreadRip/mat_data/funwave_barRip1_h10t10s20d00_BrkSrcY_08.nc 
 archiving: /scratch/grimesdj/ripchannel/spreadRip/mat_data/funwave_barRip1_h10t10s20d00_BrkSrcY_09.nc 
 archiving: /scratch/grimesdj/ripchannel/spreadRip/mat_data/funwave_barRip1_h10t10s20d00_BrkSrcY_10.nc 
 archiving: /scratch/grimesdj/ripchannel/spreadRip/mat_data/funwave_barRip1_h10t10s20d00_BrkSrcY_11.nc 
 archiving: /scratch/grimesdj/ripchannel/spreadRip/mat_data/funwave_barRip1_h10t10s20d00_BrkSrcY_12.nc 
loading eta from: funwave_barRip1_h10t10s20d00_eta_01.nc 
loading eta from: funwave_barRip1_h10t10s20d00_eta_02.nc 
loading eta from: funwave_barRip1_h10t10s20d00_eta_03.nc 
loading eta from: funwave_barRip1_h10t10s20d00_eta_04.nc 
loading eta from: funwave_barRip1_h10t10s20d00_eta_05.nc 
loading eta from: funwave_barRip1_h10t10s20d00_eta_06.nc 
loading eta from: funwave_barRip1_h10t10s20d00_eta_07.nc 
loading eta from: funwave_barRip1_h10t10s20d00_eta_08.nc 
loading eta from: funwave_barRip1_h10t10s20d00_eta_09.nc 
loading eta from: funwave_barRip1_h10t10s20d00_eta_10.nc 
loading eta from: funwave_barRip1_h10t10s20d00_eta_11.nc 
loading eta from: funwave_barRip1_h10t10s20d00_eta_12.nc 

fout_stats =

  2x1 cell array

    {'/scratch/grimesdj/ripchannel/spreadRip//figures/barRip1_h10t10s20d00_crest_length.pdf'           }
    {'/scratch/grimesdj/ripchannel/spreadRip//figures/barRip1_h10t10s20d00_wave_height_and_spectra.pdf'}


 processing fast-time: spreadRip - terRip1_h10t10s00d00 
working on: eta
	removing old files:
rm: cannot remove '/scratch/grimesdj/ripchannel/spreadRip/mat_data/funwave_terRip1_h10t10s00d00_eta_*.nc': No such file or directory
time vector is off: nt=3600and nf=3601
shortenning records to match
 archiving: /scratch/grimesdj/ripchannel/spreadRip/mat_data/funwave_terRip1_h10t10s00d00_eta_01.nc 
 archiving: /scratch/grimesdj/ripchannel/spreadRip/mat_data/funwave_terRip1_h10t10s00d00_eta_02.nc 
 archiving: /scratch/grimesdj/ripchannel/spreadRip/mat_data/funwave_terRip1_h10t10s00d00_eta_03.nc 
 archiving: /scratch/grimesdj/ripchannel/spreadRip/mat_data/funwave_terRip1_h10t10s00d00_eta_04.nc 
 archiving: /scratch/grimesdj/ripchannel/spreadRip/mat_data/funwave_terRip1_h10t10s00d00_eta_05.nc 
 archiving: /scratch/grimesdj/ripchannel/spreadRip/mat_data/funwave_terRip1_h10t10s00d00_eta_06.nc 
 archiving: /scratch/grimesdj/ripchannel/spreadRip/mat_data/funwave_terRip1_h10t10s00d00_eta_07.nc 
 archiving: /scratch/grimesdj/ripchannel/spreadRip/mat_data/funwave_terRip1_h10t10s00d00_eta_08.nc 
 archiving: /scratch/grimesdj/ripchannel/spreadRip/mat_data/funwave_terRip1_h10t10s00d00_eta_09.nc 
 archiving: /scratch/grimesdj/ripchannel/spreadRip/mat_data/funwave_terRip1_h10t10s00d00_eta_10.nc 
 archiving: /scratch/grimesdj/ripchannel/spreadRip/mat_data/funwave_terRip1_h10t10s00d00_eta_11.nc 
 archiving: /scratch/grimesdj/ripchannel/spreadRip/mat_data/funwave_terRip1_h10t10s00d00_eta_12.nc 
working on: mask
	removing old files:
rm: cannot remove '/scratch/grimesdj/ripchannel/spreadRip/mat_data/funwave_terRip1_h10t10s00d00_mask_*.nc': No such file or directory
time vector is off: nt=3600and nf=3601
shortenning records to match
 archiving: /scratch/grimesdj/ripchannel/spreadRip/mat_data/funwave_terRip1_h10t10s00d00_mask_01.nc 
 archiving: /scratch/grimesdj/ripchannel/spreadRip/mat_data/funwave_terRip1_h10t10s00d00_mask_02.nc 
 archiving: /scratch/grimesdj/ripchannel/spreadRip/mat_data/funwave_terRip1_h10t10s00d00_mask_03.nc 
 archiving: /scratch/grimesdj/ripchannel/spreadRip/mat_data/funwave_terRip1_h10t10s00d00_mask_04.nc 
 archiving: /scratch/grimesdj/ripchannel/spreadRip/mat_data/funwave_terRip1_h10t10s00d00_mask_05.nc 
 archiving: /scratch/grimesdj/ripchannel/spreadRip/mat_data/funwave_terRip1_h10t10s00d00_mask_06.nc 
