
                            < M A T L A B (R) >
                  Copyright 1984-2024 The MathWorks, Inc.
             R2024a Update 3 (24.1.0.2603908) 64-bit (glnxa64)
                                May 2, 2024

 
To get started, type doc.
For product information, visit www.mathworks.com.
 
>> >> >> >> >> >> >> >> >> >> >> >> >> >>>>>>>>>>>>>>>>>>>>>>>>>>>>>>>>>>>>>>>>>>>>>>>>>>>>>>>>>>>>>>>>>>>>>>>>>>>>>>>>>>>>>>>>>>>>>>>>>>>>>>>>>>>>>>>>>>>>>>>>>>>>>>>>>>>>>>>>>>>>>>
 processing: uniRip bar2D_h10t10s02d00 

fout_stats =

  1x1 cell array

    {'/scratch/grimesdj/ripchannel/uniRip//figures/bar2D_h10t10s02d00_velocity_and_vorticity_stats.pdf'}


fout_momentum =

  31x1 cell array

    {'/scratch/grimesdj/ripchannel/uniRip//figures/bar2D_h10t10s02d00_xshore_momentum_term_PgrdX_time_averaged.pdf'          }
    {'/scratch/grimesdj/ripchannel/uniRip//figures/bar2D_h10t10s02d00_xshore_momentum_term_PgrdY_time_averaged.pdf'          }
    {'/scratch/grimesdj/ripchannel/uniRip//figures/bar2D_h10t10s02d00_xshore_momentum_term_BrkDissX_time_averaged.pdf'       }
    {'/scratch/grimesdj/ripchannel/uniRip//figures/bar2D_h10t10s02d00_xshore_momentum_term_BrkDissY_time_averaged.pdf'       }
    {'/scratch/grimesdj/ripchannel/uniRip//figures/bar2D_h10t10s02d00_xshore_momentum_term_DxSxx_time_averaged.pdf'          }
    {'/scratch/grimesdj/ripchannel/uniRip//figures/bar2D_h10t10s02d00_xshore_momentum_term_DxSxy_time_averaged.pdf'          }
    {'/scratch/grimesdj/ripchannel/uniRip//figures/bar2D_h10t10s02d00_xshore_momentum_term_DySxy_time_averaged.pdf'          }
    {'/scratch/grimesdj/ripchannel/uniRip//figures/bar2D_h10t10s02d00_xshore_momentum_term_DySyy_time_averaged.pdf'          }
    {'/scratch/grimesdj/ripchannel/uniRip//figures/bar2D_h10t10s02d00_xshore_momentum_term_DxUUH_time_averaged.pdf'          }
    {'/scratch/grimesdj/ripchannel/uniRip//figures/bar2D_h10t10s02d00_xshore_momentum_term_DxUVH_time_averaged.pdf'          }
    {'/scratch/grimesdj/ripchannel/uniRip//figures/bar2D_h10t10s02d00_xshore_momentum_term_DyUVH_time_averaged.pdf'          }
    {'/scratch/grimesdj/ripchannel/uniRip//figures/bar2D_h10t10s02d00_xshore_momentum_term_DyVVH_time_averaged.pdf'          }
    {'/scratch/grimesdj/ripchannel/uniRip//figures/bar2D_h10t10s02d00_xshore_momentum_term_FRCX_time_averaged.pdf'           }
    {'/scratch/grimesdj/ripchannel/uniRip//figures/bar2D_h10t10s02d00_xshore_momentum_term_FRCY_time_averaged.pdf'           }
    {'/scratch/grimesdj/ripchannel/uniRip//figures/bar2D_h10t10s02d00_time_averaged_velocity.pdf'                            }
    {'/scratch/grimesdj/ripchannel/uniRip//figures/bar2D_h10t10s02d00_time_averaged_waterlevel.pdf'                          }
    {'/scratch/grimesdj/ripchannel/uniRip//figures/bar2D_h10t10s02d00_time_averaged_vorticity.pdf'                           }
    {'/scratch/grimesdj/ripchannel/uniRip//figures/bar2D_h10t10s02d00_time_averaged_streamfunction.pdf'                      }
    {'/scratch/grimesdj/ripchannel/uniRip//figures/bar2D_h10t10s02d00_xshore_momentum_terms_time_and_alongshore_averaged.pdf'}
    {'/scratch/grimesdj/ripchannel/uniRip//figures/bar2D_h10t10s02d00dominant_momentum_terms_InnerSurfzone.pdf'              }
    {'/scratch/grimesdj/ripchannel/uniRip//figures/bar2D_h10t10s02d00dominant_momentum_terms_MiddleSurfzone.pdf'             }
    {'/scratch/grimesdj/ripchannel/uniRip//figures/bar2D_h10t10s02d00dominant_momentum_terms_OuterSurfzone.pdf'              }
    {'/scratch/grimesdj/ripchannel/uniRip//figures/bar2D_h10t10s02d00dominant_momentum_terms_std_InnerSurfzone.pdf'          }
    {'/scratch/grimesdj/ripchannel/uniRip//figures/bar2D_h10t10s02d00dominant_momentum_terms_std_MiddleSurfzone.pdf'         }
    {'/scratch/grimesdj/ripchannel/uniRip//figures/bar2D_h10t10s02d00dominant_momentum_terms_std_OuterSurfzone.pdf'          }
    {'/scratch/grimesdj/ripchannel/uniRip//figures/bar2D_h10t10s02d00_time_averaged_vs_eddy_x_advection.pdf'                 }
    {'/scratch/grimesdj/ripchannel/uniRip//figures/bar2D_h10t10s02d00_time_averaged_vs_eddy_y_advection.pdf'                 }
    {'/scratch/grimesdj/ripchannel/uniRip//figures/bar2D_h10t10s02d00_reynolds_stress_estimate.pdf'                          }
    {'/scratch/grimesdj/ripchannel/uniRip//figures/bar2D_h10t10s02d00_std_curl_Fbr.pdf'                                      }
    {'/scratch/grimesdj/ripchannel/uniRip//figures/bar2D_h10t10s02d00_curl_of_radiation_stress_gradient'                     }
    {'/scratch/grimesdj/ripchannel/uniRip//figures/bar2D_h10t10s02d00_curl_of_breaking_force'                                }

loading from: funwave_bar2D_h10t10s02d00_uwavg_01.nc 
fixing eta to time-mean... bug in source code

fout_momentum_offline =

  3x1 cell array

    {'/scratch/grimesdj/ripchannel/uniRip//figures/bar2D_h10t10s02d00_time_averaged_vs_eddy_x_advection_offline_calculation.pdf'}
    {'/scratch/grimesdj/ripchannel/uniRip//figures/bar2D_h10t10s02d00_time_averaged_vs_eddy_y_advection_offline_calculation.pdf'}
    {'/scratch/grimesdj/ripchannel/uniRip//figures/bar2D_h10t10s02d00_time_averaged_pressure_gradient_offline_calculation.pdf'  }


 processing: uniRip bar2D_h10t10s04d00 

ans =

     0


Restricting cross-shore analysis to x<=400.000000
working on: dep
	removing old files:
rm: cannot remove '/scratch/grimesdj/ripchannel/uniRip/mat_data/funwave_bar2D_h10t10s04d00_dep*.nc': No such file or directory
 archiving: /scratch/grimesdj/ripchannel/uniRip/mat_data/funwave_bar2D_h10t10s04d00_dep.nc 
working on: etawavg
	removing old files:
rm: cannot remove '/scratch/grimesdj/ripchannel/uniRip/mat_data/funwave_bar2D_h10t10s04d00_etawavg_*.nc': No such file or directory
 archiving: /scratch/grimesdj/ripchannel/uniRip/mat_data/funwave_bar2D_h10t10s04d00_etawavg_01.nc 
working on: uwavg
	removing old files:
rm: cannot remove '/scratch/grimesdj/ripchannel/uniRip/mat_data/funwave_bar2D_h10t10s04d00_uwavg_*.nc': No such file or directory
 archiving: /scratch/grimesdj/ripchannel/uniRip/mat_data/funwave_bar2D_h10t10s04d00_uwavg_01.nc 
working on: vwavg
	removing old files:
rm: cannot remove '/scratch/grimesdj/ripchannel/uniRip/mat_data/funwave_bar2D_h10t10s04d00_vwavg_*.nc': No such file or directory
 archiving: /scratch/grimesdj/ripchannel/uniRip/mat_data/funwave_bar2D_h10t10s04d00_vwavg_01.nc 
working on: BrkDissX
	removing old files:
rm: cannot remove '/scratch/grimesdj/ripchannel/uniRip/mat_data/funwave_bar2D_h10t10s04d00_MomentumTerms*.nc': No such file or directory
 archiving: /scratch/grimesdj/ripchannel/uniRip/mat_data/funwave_bar2D_h10t10s04d00_MomentumTerms.nc 
working on: BrkDissY
 archiving: /scratch/grimesdj/ripchannel/uniRip/mat_data/funwave_bar2D_h10t10s04d00_MomentumTerms.nc 
working on: DxSxx
 archiving: /scratch/grimesdj/ripchannel/uniRip/mat_data/funwave_bar2D_h10t10s04d00_MomentumTerms.nc 
working on: DxSxy
 archiving: /scratch/grimesdj/ripchannel/uniRip/mat_data/funwave_bar2D_h10t10s04d00_MomentumTerms.nc 
working on: DxUUH
 archiving: /scratch/grimesdj/ripchannel/uniRip/mat_data/funwave_bar2D_h10t10s04d00_MomentumTerms.nc 
working on: DxUVH
 archiving: /scratch/grimesdj/ripchannel/uniRip/mat_data/funwave_bar2D_h10t10s04d00_MomentumTerms.nc 
working on: DySxy
 archiving: /scratch/grimesdj/ripchannel/uniRip/mat_data/funwave_bar2D_h10t10s04d00_MomentumTerms.nc 
working on: DySyy
 archiving: /scratch/grimesdj/ripchannel/uniRip/mat_data/funwave_bar2D_h10t10s04d00_MomentumTerms.nc 
working on: DyUVH
 archiving: /scratch/grimesdj/ripchannel/uniRip/mat_data/funwave_bar2D_h10t10s04d00_MomentumTerms.nc 
working on: DyVVH
 archiving: /scratch/grimesdj/ripchannel/uniRip/mat_data/funwave_bar2D_h10t10s04d00_MomentumTerms.nc 
working on: FRCX
 archiving: /scratch/grimesdj/ripchannel/uniRip/mat_data/funwave_bar2D_h10t10s04d00_MomentumTerms.nc 
working on: FRCY
 archiving: /scratch/grimesdj/ripchannel/uniRip/mat_data/funwave_bar2D_h10t10s04d00_MomentumTerms.nc 
working on: PgrdX
 archiving: /scratch/grimesdj/ripchannel/uniRip/mat_data/funwave_bar2D_h10t10s04d00_MomentumTerms.nc 
working on: PgrdY
 archiving: /scratch/grimesdj/ripchannel/uniRip/mat_data/funwave_bar2D_h10t10s04d00_MomentumTerms.nc 
working on: Sxx
 archiving: /scratch/grimesdj/ripchannel/uniRip/mat_data/funwave_bar2D_h10t10s04d00_MomentumTerms.nc 
working on: Syy
 archiving: /scratch/grimesdj/ripchannel/uniRip/mat_data/funwave_bar2D_h10t10s04d00_MomentumTerms.nc 
working on: Sxy
 archiving: /scratch/grimesdj/ripchannel/uniRip/mat_data/funwave_bar2D_h10t10s04d00_MomentumTerms.nc 
working on: umean
 archiving: /scratch/grimesdj/ripchannel/uniRip/mat_data/funwave_bar2D_h10t10s04d00_MomentumTerms.nc 
working on: vmean
 archiving: /scratch/grimesdj/ripchannel/uniRip/mat_data/funwave_bar2D_h10t10s04d00_MomentumTerms.nc 
working on: etamean
 archiving: /scratch/grimesdj/ripchannel/uniRip/mat_data/funwave_bar2D_h10t10s04d00_MomentumTerms.nc 
working on: Hsig
 archiving: /scratch/grimesdj/ripchannel/uniRip/mat_data/funwave_bar2D_h10t10s04d00_MomentumTerms.nc 
loading from: funwave_bar2D_h10t10s04d00_uwavg_01.nc 

fout_stats =

  1x1 cell array

    {'/scratch/grimesdj/ripchannel/uniRip//figures/bar2D_h10t10s04d00_velocity_and_vorticity_stats.pdf'}


fout_momentum =

  31x1 cell array

    {'/scratch/grimesdj/ripchannel/uniRip//figures/bar2D_h10t10s04d00_xshore_momentum_term_PgrdX_time_averaged.pdf'          }
    {'/scratch/grimesdj/ripchannel/uniRip//figures/bar2D_h10t10s04d00_xshore_momentum_term_PgrdY_time_averaged.pdf'          }
    {'/scratch/grimesdj/ripchannel/uniRip//figures/bar2D_h10t10s04d00_xshore_momentum_term_BrkDissX_time_averaged.pdf'       }
    {'/scratch/grimesdj/ripchannel/uniRip//figures/bar2D_h10t10s04d00_xshore_momentum_term_BrkDissY_time_averaged.pdf'       }
    {'/scratch/grimesdj/ripchannel/uniRip//figures/bar2D_h10t10s04d00_xshore_momentum_term_DxSxx_time_averaged.pdf'          }
    {'/scratch/grimesdj/ripchannel/uniRip//figures/bar2D_h10t10s04d00_xshore_momentum_term_DxSxy_time_averaged.pdf'          }
    {'/scratch/grimesdj/ripchannel/uniRip//figures/bar2D_h10t10s04d00_xshore_momentum_term_DySxy_time_averaged.pdf'          }
    {'/scratch/grimesdj/ripchannel/uniRip//figures/bar2D_h10t10s04d00_xshore_momentum_term_DySyy_time_averaged.pdf'          }
    {'/scratch/grimesdj/ripchannel/uniRip//figures/bar2D_h10t10s04d00_xshore_momentum_term_DxUUH_time_averaged.pdf'          }
    {'/scratch/grimesdj/ripchannel/uniRip//figures/bar2D_h10t10s04d00_xshore_momentum_term_DxUVH_time_averaged.pdf'          }
    {'/scratch/grimesdj/ripchannel/uniRip//figures/bar2D_h10t10s04d00_xshore_momentum_term_DyUVH_time_averaged.pdf'          }
    {'/scratch/grimesdj/ripchannel/uniRip//figures/bar2D_h10t10s04d00_xshore_momentum_term_DyVVH_time_averaged.pdf'          }
    {'/scratch/grimesdj/ripchannel/uniRip//figures/bar2D_h10t10s04d00_xshore_momentum_term_FRCX_time_averaged.pdf'           }
    {'/scratch/grimesdj/ripchannel/uniRip//figures/bar2D_h10t10s04d00_xshore_momentum_term_FRCY_time_averaged.pdf'           }
    {'/scratch/grimesdj/ripchannel/uniRip//figures/bar2D_h10t10s04d00_time_averaged_velocity.pdf'                            }
    {'/scratch/grimesdj/ripchannel/uniRip//figures/bar2D_h10t10s04d00_time_averaged_waterlevel.pdf'                          }
    {'/scratch/grimesdj/ripchannel/uniRip//figures/bar2D_h10t10s04d00_time_averaged_vorticity.pdf'                           }
    {'/scratch/grimesdj/ripchannel/uniRip//figures/bar2D_h10t10s04d00_time_averaged_streamfunction.pdf'                      }
    {'/scratch/grimesdj/ripchannel/uniRip//figures/bar2D_h10t10s04d00_xshore_momentum_terms_time_and_alongshore_averaged.pdf'}
    {'/scratch/grimesdj/ripchannel/uniRip//figures/bar2D_h10t10s04d00dominant_momentum_terms_InnerSurfzone.pdf'              }
    {'/scratch/grimesdj/ripchannel/uniRip//figures/bar2D_h10t10s04d00dominant_momentum_terms_MiddleSurfzone.pdf'             }
    {'/scratch/grimesdj/ripchannel/uniRip//figures/bar2D_h10t10s04d00dominant_momentum_terms_OuterSurfzone.pdf'              }
    {'/scratch/grimesdj/ripchannel/uniRip//figures/bar2D_h10t10s04d00dominant_momentum_terms_std_InnerSurfzone.pdf'          }
    {'/scratch/grimesdj/ripchannel/uniRip//figures/bar2D_h10t10s04d00dominant_momentum_terms_std_MiddleSurfzone.pdf'         }
    {'/scratch/grimesdj/ripchannel/uniRip//figures/bar2D_h10t10s04d00dominant_momentum_terms_std_OuterSurfzone.pdf'          }
    {'/scratch/grimesdj/ripchannel/uniRip//figures/bar2D_h10t10s04d00_time_averaged_vs_eddy_x_advection.pdf'                 }
    {'/scratch/grimesdj/ripchannel/uniRip//figures/bar2D_h10t10s04d00_time_averaged_vs_eddy_y_advection.pdf'                 }
    {'/scratch/grimesdj/ripchannel/uniRip//figures/bar2D_h10t10s04d00_reynolds_stress_estimate.pdf'                          }
    {'/scratch/grimesdj/ripchannel/uniRip//figures/bar2D_h10t10s04d00_std_curl_Fbr.pdf'                                      }
    {'/scratch/grimesdj/ripchannel/uniRip//figures/bar2D_h10t10s04d00_curl_of_radiation_stress_gradient'                     }
    {'/scratch/grimesdj/ripchannel/uniRip//figures/bar2D_h10t10s04d00_curl_of_breaking_force'                                }

loading from: funwave_bar2D_h10t10s04d00_uwavg_01.nc 
fixing eta to time-mean... bug in source code

fout_momentum_offline =

  3x1 cell array

    {'/scratch/grimesdj/ripchannel/uniRip//figures/bar2D_h10t10s04d00_time_averaged_vs_eddy_x_advection_offline_calculation.pdf'}
    {'/scratch/grimesdj/ripchannel/uniRip//figures/bar2D_h10t10s04d00_time_averaged_vs_eddy_y_advection_offline_calculation.pdf'}
    {'/scratch/grimesdj/ripchannel/uniRip//figures/bar2D_h10t10s04d00_time_averaged_pressure_gradient_offline_calculation.pdf'  }


 processing: uniRip bar2D_h10t10s10d00 

ans =

     0


Restricting cross-shore analysis to x<=400.000000
working on: dep
	removing old files:
rm: cannot remove '/scratch/grimesdj/ripchannel/uniRip/mat_data/funwave_bar2D_h10t10s10d00_dep*.nc': No such file or directory
 archiving: /scratch/grimesdj/ripchannel/uniRip/mat_data/funwave_bar2D_h10t10s10d00_dep.nc 
working on: etawavg
	removing old files:
rm: cannot remove '/scratch/grimesdj/ripchannel/uniRip/mat_data/funwave_bar2D_h10t10s10d00_etawavg_*.nc': No such file or directory
 archiving: /scratch/grimesdj/ripchannel/uniRip/mat_data/funwave_bar2D_h10t10s10d00_etawavg_01.nc 
working on: uwavg
	removing old files:
rm: cannot remove '/scratch/grimesdj/ripchannel/uniRip/mat_data/funwave_bar2D_h10t10s10d00_uwavg_*.nc': No such file or directory
 archiving: /scratch/grimesdj/ripchannel/uniRip/mat_data/funwave_bar2D_h10t10s10d00_uwavg_01.nc 
working on: vwavg
	removing old files:
rm: cannot remove '/scratch/grimesdj/ripchannel/uniRip/mat_data/funwave_bar2D_h10t10s10d00_vwavg_*.nc': No such file or directory
 archiving: /scratch/grimesdj/ripchannel/uniRip/mat_data/funwave_bar2D_h10t10s10d00_vwavg_01.nc 
working on: BrkDissX
	removing old files:
rm: cannot remove '/scratch/grimesdj/ripchannel/uniRip/mat_data/funwave_bar2D_h10t10s10d00_MomentumTerms*.nc': No such file or directory
 archiving: /scratch/grimesdj/ripchannel/uniRip/mat_data/funwave_bar2D_h10t10s10d00_MomentumTerms.nc 
working on: BrkDissY
 archiving: /scratch/grimesdj/ripchannel/uniRip/mat_data/funwave_bar2D_h10t10s10d00_MomentumTerms.nc 
working on: DxSxx
 archiving: /scratch/grimesdj/ripchannel/uniRip/mat_data/funwave_bar2D_h10t10s10d00_MomentumTerms.nc 
working on: DxSxy
 archiving: /scratch/grimesdj/ripchannel/uniRip/mat_data/funwave_bar2D_h10t10s10d00_MomentumTerms.nc 
working on: DxUUH
 archiving: /scratch/grimesdj/ripchannel/uniRip/mat_data/funwave_bar2D_h10t10s10d00_MomentumTerms.nc 
working on: DxUVH
 archiving: /scratch/grimesdj/ripchannel/uniRip/mat_data/funwave_bar2D_h10t10s10d00_MomentumTerms.nc 
working on: DySxy
 archiving: /scratch/grimesdj/ripchannel/uniRip/mat_data/funwave_bar2D_h10t10s10d00_MomentumTerms.nc 
working on: DySyy
 archiving: /scratch/grimesdj/ripchannel/uniRip/mat_data/funwave_bar2D_h10t10s10d00_MomentumTerms.nc 
working on: DyUVH
 archiving: /scratch/grimesdj/ripchannel/uniRip/mat_data/funwave_bar2D_h10t10s10d00_MomentumTerms.nc 
working on: DyVVH
 archiving: /scratch/grimesdj/ripchannel/uniRip/mat_data/funwave_bar2D_h10t10s10d00_MomentumTerms.nc 
working on: FRCX
 archiving: /scratch/grimesdj/ripchannel/uniRip/mat_data/funwave_bar2D_h10t10s10d00_MomentumTerms.nc 
working on: FRCY
 archiving: /scratch/grimesdj/ripchannel/uniRip/mat_data/funwave_bar2D_h10t10s10d00_MomentumTerms.nc 
working on: PgrdX
 archiving: /scratch/grimesdj/ripchannel/uniRip/mat_data/funwave_bar2D_h10t10s10d00_MomentumTerms.nc 
working on: PgrdY
 archiving: /scratch/grimesdj/ripchannel/uniRip/mat_data/funwave_bar2D_h10t10s10d00_MomentumTerms.nc 
working on: Sxx
 archiving: /scratch/grimesdj/ripchannel/uniRip/mat_data/funwave_bar2D_h10t10s10d00_MomentumTerms.nc 
working on: Syy
 archiving: /scratch/grimesdj/ripchannel/uniRip/mat_data/funwave_bar2D_h10t10s10d00_MomentumTerms.nc 
working on: Sxy
 archiving: /scratch/grimesdj/ripchannel/uniRip/mat_data/funwave_bar2D_h10t10s10d00_MomentumTerms.nc 
working on: umean
 archiving: /scratch/grimesdj/ripchannel/uniRip/mat_data/funwave_bar2D_h10t10s10d00_MomentumTerms.nc 
working on: vmean
 archiving: /scratch/grimesdj/ripchannel/uniRip/mat_data/funwave_bar2D_h10t10s10d00_MomentumTerms.nc 
working on: etamean
 archiving: /scratch/grimesdj/ripchannel/uniRip/mat_data/funwave_bar2D_h10t10s10d00_MomentumTerms.nc 
working on: Hsig
 archiving: /scratch/grimesdj/ripchannel/uniRip/mat_data/funwave_bar2D_h10t10s10d00_MomentumTerms.nc 
loading from: funwave_bar2D_h10t10s10d00_uwavg_01.nc 

fout_stats =

  1x1 cell array

    {'/scratch/grimesdj/ripchannel/uniRip//figures/bar2D_h10t10s10d00_velocity_and_vorticity_stats.pdf'}


fout_momentum =

  31x1 cell array

    {'/scratch/grimesdj/ripchannel/uniRip//figures/bar2D_h10t10s10d00_xshore_momentum_term_PgrdX_time_averaged.pdf'          }
    {'/scratch/grimesdj/ripchannel/uniRip//figures/bar2D_h10t10s10d00_xshore_momentum_term_PgrdY_time_averaged.pdf'          }
    {'/scratch/grimesdj/ripchannel/uniRip//figures/bar2D_h10t10s10d00_xshore_momentum_term_BrkDissX_time_averaged.pdf'       }
    {'/scratch/grimesdj/ripchannel/uniRip//figures/bar2D_h10t10s10d00_xshore_momentum_term_BrkDissY_time_averaged.pdf'       }
    {'/scratch/grimesdj/ripchannel/uniRip//figures/bar2D_h10t10s10d00_xshore_momentum_term_DxSxx_time_averaged.pdf'          }
    {'/scratch/grimesdj/ripchannel/uniRip//figures/bar2D_h10t10s10d00_xshore_momentum_term_DxSxy_time_averaged.pdf'          }
    {'/scratch/grimesdj/ripchannel/uniRip//figures/bar2D_h10t10s10d00_xshore_momentum_term_DySxy_time_averaged.pdf'          }
    {'/scratch/grimesdj/ripchannel/uniRip//figures/bar2D_h10t10s10d00_xshore_momentum_term_DySyy_time_averaged.pdf'          }
    {'/scratch/grimesdj/ripchannel/uniRip//figures/bar2D_h10t10s10d00_xshore_momentum_term_DxUUH_time_averaged.pdf'          }
    {'/scratch/grimesdj/ripchannel/uniRip//figures/bar2D_h10t10s10d00_xshore_momentum_term_DxUVH_time_averaged.pdf'          }
    {'/scratch/grimesdj/ripchannel/uniRip//figures/bar2D_h10t10s10d00_xshore_momentum_term_DyUVH_time_averaged.pdf'          }
    {'/scratch/grimesdj/ripchannel/uniRip//figures/bar2D_h10t10s10d00_xshore_momentum_term_DyVVH_time_averaged.pdf'          }
    {'/scratch/grimesdj/ripchannel/uniRip//figures/bar2D_h10t10s10d00_xshore_momentum_term_FRCX_time_averaged.pdf'           }
    {'/scratch/grimesdj/ripchannel/uniRip//figures/bar2D_h10t10s10d00_xshore_momentum_term_FRCY_time_averaged.pdf'           }
    {'/scratch/grimesdj/ripchannel/uniRip//figures/bar2D_h10t10s10d00_time_averaged_velocity.pdf'                            }
    {'/scratch/grimesdj/ripchannel/uniRip//figures/bar2D_h10t10s10d00_time_averaged_waterlevel.pdf'                          }
    {'/scratch/grimesdj/ripchannel/uniRip//figures/bar2D_h10t10s10d00_time_averaged_vorticity.pdf'                           }
    {'/scratch/grimesdj/ripchannel/uniRip//figures/bar2D_h10t10s10d00_time_averaged_streamfunction.pdf'                      }
    {'/scratch/grimesdj/ripchannel/uniRip//figures/bar2D_h10t10s10d00_xshore_momentum_terms_time_and_alongshore_averaged.pdf'}
    {'/scratch/grimesdj/ripchannel/uniRip//figures/bar2D_h10t10s10d00dominant_momentum_terms_InnerSurfzone.pdf'              }
    {'/scratch/grimesdj/ripchannel/uniRip//figures/bar2D_h10t10s10d00dominant_momentum_terms_MiddleSurfzone.pdf'             }
    {'/scratch/grimesdj/ripchannel/uniRip//figures/bar2D_h10t10s10d00dominant_momentum_terms_OuterSurfzone.pdf'              }
    {'/scratch/grimesdj/ripchannel/uniRip//figures/bar2D_h10t10s10d00dominant_momentum_terms_std_InnerSurfzone.pdf'          }
    {'/scratch/grimesdj/ripchannel/uniRip//figures/bar2D_h10t10s10d00dominant_momentum_terms_std_MiddleSurfzone.pdf'         }
    {'/scratch/grimesdj/ripchannel/uniRip//figures/bar2D_h10t10s10d00dominant_momentum_terms_std_OuterSurfzone.pdf'          }
    {'/scratch/grimesdj/ripchannel/uniRip//figures/bar2D_h10t10s10d00_time_averaged_vs_eddy_x_advection.pdf'                 }
    {'/scratch/grimesdj/ripchannel/uniRip//figures/bar2D_h10t10s10d00_time_averaged_vs_eddy_y_advection.pdf'                 }
    {'/scratch/grimesdj/ripchannel/uniRip//figures/bar2D_h10t10s10d00_reynolds_stress_estimate.pdf'                          }
    {'/scratch/grimesdj/ripchannel/uniRip//figures/bar2D_h10t10s10d00_std_curl_Fbr.pdf'                                      }
    {'/scratch/grimesdj/ripchannel/uniRip//figures/bar2D_h10t10s10d00_curl_of_radiation_stress_gradient'                     }
    {'/scratch/grimesdj/ripchannel/uniRip//figures/bar2D_h10t10s10d00_curl_of_breaking_force'                                }

loading from: funwave_bar2D_h10t10s10d00_uwavg_01.nc 
fixing eta to time-mean... bug in source code

fout_momentum_offline =

  3x1 cell array

    {'/scratch/grimesdj/ripchannel/uniRip//figures/bar2D_h10t10s10d00_time_averaged_vs_eddy_x_advection_offline_calculation.pdf'}
    {'/scratch/grimesdj/ripchannel/uniRip//figures/bar2D_h10t10s10d00_time_averaged_vs_eddy_y_advection_offline_calculation.pdf'}
    {'/scratch/grimesdj/ripchannel/uniRip//figures/bar2D_h10t10s10d00_time_averaged_pressure_gradient_offline_calculation.pdf'  }


 processing: uniRip bar2D_h10t10s20d00 

ans =

     0


Restricting cross-shore analysis to x<=400.000000
working on: dep
	removing old files:
rm: cannot remove '/scratch/grimesdj/ripchannel/uniRip/mat_data/funwave_bar2D_h10t10s20d00_dep*.nc': No such file or directory
 archiving: /scratch/grimesdj/ripchannel/uniRip/mat_data/funwave_bar2D_h10t10s20d00_dep.nc 
working on: etawavg
	removing old files:
rm: cannot remove '/scratch/grimesdj/ripchannel/uniRip/mat_data/funwave_bar2D_h10t10s20d00_etawavg_*.nc': No such file or directory
 archiving: /scratch/grimesdj/ripchannel/uniRip/mat_data/funwave_bar2D_h10t10s20d00_etawavg_01.nc 
working on: uwavg
	removing old files:
rm: cannot remove '/scratch/grimesdj/ripchannel/uniRip/mat_data/funwave_bar2D_h10t10s20d00_uwavg_*.nc': No such file or directory
 archiving: /scratch/grimesdj/ripchannel/uniRip/mat_data/funwave_bar2D_h10t10s20d00_uwavg_01.nc 
working on: vwavg
	removing old files:
rm: cannot remove '/scratch/grimesdj/ripchannel/uniRip/mat_data/funwave_bar2D_h10t10s20d00_vwavg_*.nc': No such file or directory
 archiving: /scratch/grimesdj/ripchannel/uniRip/mat_data/funwave_bar2D_h10t10s20d00_vwavg_01.nc 
working on: BrkDissX
	removing old files:
rm: cannot remove '/scratch/grimesdj/ripchannel/uniRip/mat_data/funwave_bar2D_h10t10s20d00_MomentumTerms*.nc': No such file or directory
 archiving: /scratch/grimesdj/ripchannel/uniRip/mat_data/funwave_bar2D_h10t10s20d00_MomentumTerms.nc 
working on: BrkDissY
 archiving: /scratch/grimesdj/ripchannel/uniRip/mat_data/funwave_bar2D_h10t10s20d00_MomentumTerms.nc 
working on: DxSxx
 archiving: /scratch/grimesdj/ripchannel/uniRip/mat_data/funwave_bar2D_h10t10s20d00_MomentumTerms.nc 
working on: DxSxy
 archiving: /scratch/grimesdj/ripchannel/uniRip/mat_data/funwave_bar2D_h10t10s20d00_MomentumTerms.nc 
working on: DxUUH
 archiving: /scratch/grimesdj/ripchannel/uniRip/mat_data/funwave_bar2D_h10t10s20d00_MomentumTerms.nc 
working on: DxUVH
 archiving: /scratch/grimesdj/ripchannel/uniRip/mat_data/funwave_bar2D_h10t10s20d00_MomentumTerms.nc 
working on: DySxy
 archiving: /scratch/grimesdj/ripchannel/uniRip/mat_data/funwave_bar2D_h10t10s20d00_MomentumTerms.nc 
working on: DySyy
 archiving: /scratch/grimesdj/ripchannel/uniRip/mat_data/funwave_bar2D_h10t10s20d00_MomentumTerms.nc 
working on: DyUVH
 archiving: /scratch/grimesdj/ripchannel/uniRip/mat_data/funwave_bar2D_h10t10s20d00_MomentumTerms.nc 
working on: DyVVH
 archiving: /scratch/grimesdj/ripchannel/uniRip/mat_data/funwave_bar2D_h10t10s20d00_MomentumTerms.nc 
working on: FRCX
 archiving: /scratch/grimesdj/ripchannel/uniRip/mat_data/funwave_bar2D_h10t10s20d00_MomentumTerms.nc 
working on: FRCY
 archiving: /scratch/grimesdj/ripchannel/uniRip/mat_data/funwave_bar2D_h10t10s20d00_MomentumTerms.nc 
working on: PgrdX
 archiving: /scratch/grimesdj/ripchannel/uniRip/mat_data/funwave_bar2D_h10t10s20d00_MomentumTerms.nc 
working on: PgrdY
 archiving: /scratch/grimesdj/ripchannel/uniRip/mat_data/funwave_bar2D_h10t10s20d00_MomentumTerms.nc 
working on: Sxx
 archiving: /scratch/grimesdj/ripchannel/uniRip/mat_data/funwave_bar2D_h10t10s20d00_MomentumTerms.nc 
working on: Syy
 archiving: /scratch/grimesdj/ripchannel/uniRip/mat_data/funwave_bar2D_h10t10s20d00_MomentumTerms.nc 
working on: Sxy
 archiving: /scratch/grimesdj/ripchannel/uniRip/mat_data/funwave_bar2D_h10t10s20d00_MomentumTerms.nc 
working on: umean
 archiving: /scratch/grimesdj/ripchannel/uniRip/mat_data/funwave_bar2D_h10t10s20d00_MomentumTerms.nc 
working on: vmean
 archiving: /scratch/grimesdj/ripchannel/uniRip/mat_data/funwave_bar2D_h10t10s20d00_MomentumTerms.nc 
working on: etamean
 archiving: /scratch/grimesdj/ripchannel/uniRip/mat_data/funwave_bar2D_h10t10s20d00_MomentumTerms.nc 
working on: Hsig
 archiving: /scratch/grimesdj/ripchannel/uniRip/mat_data/funwave_bar2D_h10t10s20d00_MomentumTerms.nc 
loading from: funwave_bar2D_h10t10s20d00_uwavg_01.nc 

fout_stats =

  1x1 cell array

    {'/scratch/grimesdj/ripchannel/uniRip//figures/bar2D_h10t10s20d00_velocity_and_vorticity_stats.pdf'}


fout_momentum =

  31x1 cell array

    {'/scratch/grimesdj/ripchannel/uniRip//figures/bar2D_h10t10s20d00_xshore_momentum_term_PgrdX_time_averaged.pdf'          }
    {'/scratch/grimesdj/ripchannel/uniRip//figures/bar2D_h10t10s20d00_xshore_momentum_term_PgrdY_time_averaged.pdf'          }
    {'/scratch/grimesdj/ripchannel/uniRip//figures/bar2D_h10t10s20d00_xshore_momentum_term_BrkDissX_time_averaged.pdf'       }
    {'/scratch/grimesdj/ripchannel/uniRip//figures/bar2D_h10t10s20d00_xshore_momentum_term_BrkDissY_time_averaged.pdf'       }
    {'/scratch/grimesdj/ripchannel/uniRip//figures/bar2D_h10t10s20d00_xshore_momentum_term_DxSxx_time_averaged.pdf'          }
    {'/scratch/grimesdj/ripchannel/uniRip//figures/bar2D_h10t10s20d00_xshore_momentum_term_DxSxy_time_averaged.pdf'          }
    {'/scratch/grimesdj/ripchannel/uniRip//figures/bar2D_h10t10s20d00_xshore_momentum_term_DySxy_time_averaged.pdf'          }
    {'/scratch/grimesdj/ripchannel/uniRip//figures/bar2D_h10t10s20d00_xshore_momentum_term_DySyy_time_averaged.pdf'          }
    {'/scratch/grimesdj/ripchannel/uniRip//figures/bar2D_h10t10s20d00_xshore_momentum_term_DxUUH_time_averaged.pdf'          }
    {'/scratch/grimesdj/ripchannel/uniRip//figures/bar2D_h10t10s20d00_xshore_momentum_term_DxUVH_time_averaged.pdf'          }
    {'/scratch/grimesdj/ripchannel/uniRip//figures/bar2D_h10t10s20d00_xshore_momentum_term_DyUVH_time_averaged.pdf'          }
    {'/scratch/grimesdj/ripchannel/uniRip//figures/bar2D_h10t10s20d00_xshore_momentum_term_DyVVH_time_averaged.pdf'          }
    {'/scratch/grimesdj/ripchannel/uniRip//figures/bar2D_h10t10s20d00_xshore_momentum_term_FRCX_time_averaged.pdf'           }
    {'/scratch/grimesdj/ripchannel/uniRip//figures/bar2D_h10t10s20d00_xshore_momentum_term_FRCY_time_averaged.pdf'           }
    {'/scratch/grimesdj/ripchannel/uniRip//figures/bar2D_h10t10s20d00_time_averaged_velocity.pdf'                            }
    {'/scratch/grimesdj/ripchannel/uniRip//figures/bar2D_h10t10s20d00_time_averaged_waterlevel.pdf'                          }
    {'/scratch/grimesdj/ripchannel/uniRip//figures/bar2D_h10t10s20d00_time_averaged_vorticity.pdf'                           }
    {'/scratch/grimesdj/ripchannel/uniRip//figures/bar2D_h10t10s20d00_time_averaged_streamfunction.pdf'                      }
    {'/scratch/grimesdj/ripchannel/uniRip//figures/bar2D_h10t10s20d00_xshore_momentum_terms_time_and_alongshore_averaged.pdf'}
    {'/scratch/grimesdj/ripchannel/uniRip//figures/bar2D_h10t10s20d00dominant_momentum_terms_InnerSurfzone.pdf'              }
    {'/scratch/grimesdj/ripchannel/uniRip//figures/bar2D_h10t10s20d00dominant_momentum_terms_MiddleSurfzone.pdf'             }
    {'/scratch/grimesdj/ripchannel/uniRip//figures/bar2D_h10t10s20d00dominant_momentum_terms_OuterSurfzone.pdf'              }
    {'/scratch/grimesdj/ripchannel/uniRip//figures/bar2D_h10t10s20d00dominant_momentum_terms_std_InnerSurfzone.pdf'          }
    {'/scratch/grimesdj/ripchannel/uniRip//figures/bar2D_h10t10s20d00dominant_momentum_terms_std_MiddleSurfzone.pdf'         }
    {'/scratch/grimesdj/ripchannel/uniRip//figures/bar2D_h10t10s20d00dominant_momentum_terms_std_OuterSurfzone.pdf'          }
    {'/scratch/grimesdj/ripchannel/uniRip//figures/bar2D_h10t10s20d00_time_averaged_vs_eddy_x_advection.pdf'                 }
    {'/scratch/grimesdj/ripchannel/uniRip//figures/bar2D_h10t10s20d00_time_averaged_vs_eddy_y_advection.pdf'                 }
    {'/scratch/grimesdj/ripchannel/uniRip//figures/bar2D_h10t10s20d00_reynolds_stress_estimate.pdf'                          }
    {'/scratch/grimesdj/ripchannel/uniRip//figures/bar2D_h10t10s20d00_std_curl_Fbr.pdf'                                      }
    {'/scratch/grimesdj/ripchannel/uniRip//figures/bar2D_h10t10s20d00_curl_of_radiation_stress_gradient'                     }
    {'/scratch/grimesdj/ripchannel/uniRip//figures/bar2D_h10t10s20d00_curl_of_breaking_force'                                }

loading from: funwave_bar2D_h10t10s20d00_uwavg_01.nc 
fixing eta to time-mean... bug in source code

fout_momentum_offline =

  3x1 cell array

    {'/scratch/grimesdj/ripchannel/uniRip//figures/bar2D_h10t10s20d00_time_averaged_vs_eddy_x_advection_offline_calculation.pdf'}
    {'/scratch/grimesdj/ripchannel/uniRip//figures/bar2D_h10t10s20d00_time_averaged_vs_eddy_y_advection_offline_calculation.pdf'}
    {'/scratch/grimesdj/ripchannel/uniRip//figures/bar2D_h10t10s20d00_time_averaged_pressure_gradient_offline_calculation.pdf'  }


 processing: uniRip ter2D_h10t10s02d00 

ans =

     0


Restricting cross-shore analysis to x<=400.000000
working on: dep
	removing old files:
rm: cannot remove '/scratch/grimesdj/ripchannel/uniRip/mat_data/funwave_ter2D_h10t10s02d00_dep*.nc': No such file or directory
 archiving: /scratch/grimesdj/ripchannel/uniRip/mat_data/funwave_ter2D_h10t10s02d00_dep.nc 
working on: etawavg
	removing old files:
rm: cannot remove '/scratch/grimesdj/ripchannel/uniRip/mat_data/funwave_ter2D_h10t10s02d00_etawavg_*.nc': No such file or directory
 archiving: /scratch/grimesdj/ripchannel/uniRip/mat_data/funwave_ter2D_h10t10s02d00_etawavg_01.nc 
working on: uwavg
	removing old files:
rm: cannot remove '/scratch/grimesdj/ripchannel/uniRip/mat_data/funwave_ter2D_h10t10s02d00_uwavg_*.nc': No such file or directory
 archiving: /scratch/grimesdj/ripchannel/uniRip/mat_data/funwave_ter2D_h10t10s02d00_uwavg_01.nc 
working on: vwavg
	removing old files:
rm: cannot remove '/scratch/grimesdj/ripchannel/uniRip/mat_data/funwave_ter2D_h10t10s02d00_vwavg_*.nc': No such file or directory
 archiving: /scratch/grimesdj/ripchannel/uniRip/mat_data/funwave_ter2D_h10t10s02d00_vwavg_01.nc 
working on: BrkDissX
	removing old files:
rm: cannot remove '/scratch/grimesdj/ripchannel/uniRip/mat_data/funwave_ter2D_h10t10s02d00_MomentumTerms*.nc': No such file or directory
 archiving: /scratch/grimesdj/ripchannel/uniRip/mat_data/funwave_ter2D_h10t10s02d00_MomentumTerms.nc 
working on: BrkDissY
 archiving: /scratch/grimesdj/ripchannel/uniRip/mat_data/funwave_ter2D_h10t10s02d00_MomentumTerms.nc 
working on: DxSxx
 archiving: /scratch/grimesdj/ripchannel/uniRip/mat_data/funwave_ter2D_h10t10s02d00_MomentumTerms.nc 
working on: DxSxy
 archiving: /scratch/grimesdj/ripchannel/uniRip/mat_data/funwave_ter2D_h10t10s02d00_MomentumTerms.nc 
working on: DxUUH
 archiving: /scratch/grimesdj/ripchannel/uniRip/mat_data/funwave_ter2D_h10t10s02d00_MomentumTerms.nc 
working on: DxUVH
 archiving: /scratch/grimesdj/ripchannel/uniRip/mat_data/funwave_ter2D_h10t10s02d00_MomentumTerms.nc 
working on: DySxy
 archiving: /scratch/grimesdj/ripchannel/uniRip/mat_data/funwave_ter2D_h10t10s02d00_MomentumTerms.nc 
working on: DySyy
 archiving: /scratch/grimesdj/ripchannel/uniRip/mat_data/funwave_ter2D_h10t10s02d00_MomentumTerms.nc 
working on: DyUVH
 archiving: /scratch/grimesdj/ripchannel/uniRip/mat_data/funwave_ter2D_h10t10s02d00_MomentumTerms.nc 
working on: DyVVH
 archiving: /scratch/grimesdj/ripchannel/uniRip/mat_data/funwave_ter2D_h10t10s02d00_MomentumTerms.nc 
working on: FRCX
 archiving: /scratch/grimesdj/ripchannel/uniRip/mat_data/funwave_ter2D_h10t10s02d00_MomentumTerms.nc 
working on: FRCY
 archiving: /scratch/grimesdj/ripchannel/uniRip/mat_data/funwave_ter2D_h10t10s02d00_MomentumTerms.nc 
working on: PgrdX
 archiving: /scratch/grimesdj/ripchannel/uniRip/mat_data/funwave_ter2D_h10t10s02d00_MomentumTerms.nc 
working on: PgrdY
 archiving: /scratch/grimesdj/ripchannel/uniRip/mat_data/funwave_ter2D_h10t10s02d00_MomentumTerms.nc 
working on: Sxx
 archiving: /scratch/grimesdj/ripchannel/uniRip/mat_data/funwave_ter2D_h10t10s02d00_MomentumTerms.nc 
working on: Syy
 archiving: /scratch/grimesdj/ripchannel/uniRip/mat_data/funwave_ter2D_h10t10s02d00_MomentumTerms.nc 
working on: Sxy
 archiving: /scratch/grimesdj/ripchannel/uniRip/mat_data/funwave_ter2D_h10t10s02d00_MomentumTerms.nc 
working on: umean
 archiving: /scratch/grimesdj/ripchannel/uniRip/mat_data/funwave_ter2D_h10t10s02d00_MomentumTerms.nc 
working on: vmean
 archiving: /scratch/grimesdj/ripchannel/uniRip/mat_data/funwave_ter2D_h10t10s02d00_MomentumTerms.nc 
working on: etamean
 archiving: /scratch/grimesdj/ripchannel/uniRip/mat_data/funwave_ter2D_h10t10s02d00_MomentumTerms.nc 
working on: Hsig
 archiving: /scratch/grimesdj/ripchannel/uniRip/mat_data/funwave_ter2D_h10t10s02d00_MomentumTerms.nc 
loading from: funwave_ter2D_h10t10s02d00_uwavg_01.nc 

fout_stats =

  1x1 cell array

    {'/scratch/grimesdj/ripchannel/uniRip//figures/ter2D_h10t10s02d00_velocity_and_vorticity_stats.pdf'}


fout_momentum =

  31x1 cell array

    {'/scratch/grimesdj/ripchannel/uniRip//figures/ter2D_h10t10s02d00_xshore_momentum_term_PgrdX_time_averaged.pdf'          }
    {'/scratch/grimesdj/ripchannel/uniRip//figures/ter2D_h10t10s02d00_xshore_momentum_term_PgrdY_time_averaged.pdf'          }
    {'/scratch/grimesdj/ripchannel/uniRip//figures/ter2D_h10t10s02d00_xshore_momentum_term_BrkDissX_time_averaged.pdf'       }
    {'/scratch/grimesdj/ripchannel/uniRip//figures/ter2D_h10t10s02d00_xshore_momentum_term_BrkDissY_time_averaged.pdf'       }
    {'/scratch/grimesdj/ripchannel/uniRip//figures/ter2D_h10t10s02d00_xshore_momentum_term_DxSxx_time_averaged.pdf'          }
    {'/scratch/grimesdj/ripchannel/uniRip//figures/ter2D_h10t10s02d00_xshore_momentum_term_DxSxy_time_averaged.pdf'          }
    {'/scratch/grimesdj/ripchannel/uniRip//figures/ter2D_h10t10s02d00_xshore_momentum_term_DySxy_time_averaged.pdf'          }
    {'/scratch/grimesdj/ripchannel/uniRip//figures/ter2D_h10t10s02d00_xshore_momentum_term_DySyy_time_averaged.pdf'          }
    {'/scratch/grimesdj/ripchannel/uniRip//figures/ter2D_h10t10s02d00_xshore_momentum_term_DxUUH_time_averaged.pdf'          }
    {'/scratch/grimesdj/ripchannel/uniRip//figures/ter2D_h10t10s02d00_xshore_momentum_term_DxUVH_time_averaged.pdf'          }
    {'/scratch/grimesdj/ripchannel/uniRip//figures/ter2D_h10t10s02d00_xshore_momentum_term_DyUVH_time_averaged.pdf'          }
    {'/scratch/grimesdj/ripchannel/uniRip//figures/ter2D_h10t10s02d00_xshore_momentum_term_DyVVH_time_averaged.pdf'          }
    {'/scratch/grimesdj/ripchannel/uniRip//figures/ter2D_h10t10s02d00_xshore_momentum_term_FRCX_time_averaged.pdf'           }
    {'/scratch/grimesdj/ripchannel/uniRip//figures/ter2D_h10t10s02d00_xshore_momentum_term_FRCY_time_averaged.pdf'           }
    {'/scratch/grimesdj/ripchannel/uniRip//figures/ter2D_h10t10s02d00_time_averaged_velocity.pdf'                            }
    {'/scratch/grimesdj/ripchannel/uniRip//figures/ter2D_h10t10s02d00_time_averaged_waterlevel.pdf'                          }
    {'/scratch/grimesdj/ripchannel/uniRip//figures/ter2D_h10t10s02d00_time_averaged_vorticity.pdf'                           }
    {'/scratch/grimesdj/ripchannel/uniRip//figures/ter2D_h10t10s02d00_time_averaged_streamfunction.pdf'                      }
    {'/scratch/grimesdj/ripchannel/uniRip//figures/ter2D_h10t10s02d00_xshore_momentum_terms_time_and_alongshore_averaged.pdf'}
    {'/scratch/grimesdj/ripchannel/uniRip//figures/ter2D_h10t10s02d00dominant_momentum_terms_InnerSurfzone.pdf'              }
    {'/scratch/grimesdj/ripchannel/uniRip//figures/ter2D_h10t10s02d00dominant_momentum_terms_MiddleSurfzone.pdf'             }
    {'/scratch/grimesdj/ripchannel/uniRip//figures/ter2D_h10t10s02d00dominant_momentum_terms_OuterSurfzone.pdf'              }
    {'/scratch/grimesdj/ripchannel/uniRip//figures/ter2D_h10t10s02d00dominant_momentum_terms_std_InnerSurfzone.pdf'          }
    {'/scratch/grimesdj/ripchannel/uniRip//figures/ter2D_h10t10s02d00dominant_momentum_terms_std_MiddleSurfzone.pdf'         }
    {'/scratch/grimesdj/ripchannel/uniRip//figures/ter2D_h10t10s02d00dominant_momentum_terms_std_OuterSurfzone.pdf'          }
    {'/scratch/grimesdj/ripchannel/uniRip//figures/ter2D_h10t10s02d00_time_averaged_vs_eddy_x_advection.pdf'                 }
    {'/scratch/grimesdj/ripchannel/uniRip//figures/ter2D_h10t10s02d00_time_averaged_vs_eddy_y_advection.pdf'                 }
    {'/scratch/grimesdj/ripchannel/uniRip//figures/ter2D_h10t10s02d00_reynolds_stress_estimate.pdf'                          }
    {'/scratch/grimesdj/ripchannel/uniRip//figures/ter2D_h10t10s02d00_std_curl_Fbr.pdf'                                      }
    {'/scratch/grimesdj/ripchannel/uniRip//figures/ter2D_h10t10s02d00_curl_of_radiation_stress_gradient'                     }
    {'/scratch/grimesdj/ripchannel/uniRip//figures/ter2D_h10t10s02d00_curl_of_breaking_force'                                }

loading from: funwave_ter2D_h10t10s02d00_uwavg_01.nc 
fixing eta to time-mean... bug in source code

fout_momentum_offline =

  3x1 cell array

    {'/scratch/grimesdj/ripchannel/uniRip//figures/ter2D_h10t10s02d00_time_averaged_vs_eddy_x_advection_offline_calculation.pdf'}
    {'/scratch/grimesdj/ripchannel/uniRip//figures/ter2D_h10t10s02d00_time_averaged_vs_eddy_y_advection_offline_calculation.pdf'}
    {'/scratch/grimesdj/ripchannel/uniRip//figures/ter2D_h10t10s02d00_time_averaged_pressure_gradient_offline_calculation.pdf'  }


 processing: uniRip ter2D_h10t10s04d00 

ans =

     0


Restricting cross-shore analysis to x<=400.000000
working on: dep
	removing old files:
rm: cannot remove '/scratch/grimesdj/ripchannel/uniRip/mat_data/funwave_ter2D_h10t10s04d00_dep*.nc': No such file or directory
 archiving: /scratch/grimesdj/ripchannel/uniRip/mat_data/funwave_ter2D_h10t10s04d00_dep.nc 
working on: etawavg
	removing old files:
rm: cannot remove '/scratch/grimesdj/ripchannel/uniRip/mat_data/funwave_ter2D_h10t10s04d00_etawavg_*.nc': No such file or directory
 archiving: /scratch/grimesdj/ripchannel/uniRip/mat_data/funwave_ter2D_h10t10s04d00_etawavg_01.nc 
working on: uwavg
	removing old files:
rm: cannot remove '/scratch/grimesdj/ripchannel/uniRip/mat_data/funwave_ter2D_h10t10s04d00_uwavg_*.nc': No such file or directory
 archiving: /scratch/grimesdj/ripchannel/uniRip/mat_data/funwave_ter2D_h10t10s04d00_uwavg_01.nc 
working on: vwavg
	removing old files:
rm: cannot remove '/scratch/grimesdj/ripchannel/uniRip/mat_data/funwave_ter2D_h10t10s04d00_vwavg_*.nc': No such file or directory
 archiving: /scratch/grimesdj/ripchannel/uniRip/mat_data/funwave_ter2D_h10t10s04d00_vwavg_01.nc 
working on: BrkDissX
	removing old files:
rm: cannot remove '/scratch/grimesdj/ripchannel/uniRip/mat_data/funwave_ter2D_h10t10s04d00_MomentumTerms*.nc': No such file or directory
 archiving: /scratch/grimesdj/ripchannel/uniRip/mat_data/funwave_ter2D_h10t10s04d00_MomentumTerms.nc 
working on: BrkDissY
 archiving: /scratch/grimesdj/ripchannel/uniRip/mat_data/funwave_ter2D_h10t10s04d00_MomentumTerms.nc 
working on: DxSxx
 archiving: /scratch/grimesdj/ripchannel/uniRip/mat_data/funwave_ter2D_h10t10s04d00_MomentumTerms.nc 
working on: DxSxy
 archiving: /scratch/grimesdj/ripchannel/uniRip/mat_data/funwave_ter2D_h10t10s04d00_MomentumTerms.nc 
working on: DxUUH
 archiving: /scratch/grimesdj/ripchannel/uniRip/mat_data/funwave_ter2D_h10t10s04d00_MomentumTerms.nc 
working on: DxUVH
 archiving: /scratch/grimesdj/ripchannel/uniRip/mat_data/funwave_ter2D_h10t10s04d00_MomentumTerms.nc 
working on: DySxy
 archiving: /scratch/grimesdj/ripchannel/uniRip/mat_data/funwave_ter2D_h10t10s04d00_MomentumTerms.nc 
working on: DySyy
 archiving: /scratch/grimesdj/ripchannel/uniRip/mat_data/funwave_ter2D_h10t10s04d00_MomentumTerms.nc 
working on: DyUVH
 archiving: /scratch/grimesdj/ripchannel/uniRip/mat_data/funwave_ter2D_h10t10s04d00_MomentumTerms.nc 
working on: DyVVH
 archiving: /scratch/grimesdj/ripchannel/uniRip/mat_data/funwave_ter2D_h10t10s04d00_MomentumTerms.nc 
working on: FRCX
 archiving: /scratch/grimesdj/ripchannel/uniRip/mat_data/funwave_ter2D_h10t10s04d00_MomentumTerms.nc 
working on: FRCY
 archiving: /scratch/grimesdj/ripchannel/uniRip/mat_data/funwave_ter2D_h10t10s04d00_MomentumTerms.nc 
working on: PgrdX
 archiving: /scratch/grimesdj/ripchannel/uniRip/mat_data/funwave_ter2D_h10t10s04d00_MomentumTerms.nc 
working on: PgrdY
 archiving: /scratch/grimesdj/ripchannel/uniRip/mat_data/funwave_ter2D_h10t10s04d00_MomentumTerms.nc 
working on: Sxx
 archiving: /scratch/grimesdj/ripchannel/uniRip/mat_data/funwave_ter2D_h10t10s04d00_MomentumTerms.nc 
working on: Syy
 archiving: /scratch/grimesdj/ripchannel/uniRip/mat_data/funwave_ter2D_h10t10s04d00_MomentumTerms.nc 
working on: Sxy
 archiving: /scratch/grimesdj/ripchannel/uniRip/mat_data/funwave_ter2D_h10t10s04d00_MomentumTerms.nc 
working on: umean
 archiving: /scratch/grimesdj/ripchannel/uniRip/mat_data/funwave_ter2D_h10t10s04d00_MomentumTerms.nc 
working on: vmean
 archiving: /scratch/grimesdj/ripchannel/uniRip/mat_data/funwave_ter2D_h10t10s04d00_MomentumTerms.nc 
working on: etamean
 archiving: /scratch/grimesdj/ripchannel/uniRip/mat_data/funwave_ter2D_h10t10s04d00_MomentumTerms.nc 
working on: Hsig
 archiving: /scratch/grimesdj/ripchannel/uniRip/mat_data/funwave_ter2D_h10t10s04d00_MomentumTerms.nc 
loading from: funwave_ter2D_h10t10s04d00_uwavg_01.nc 

fout_stats =

  1x1 cell array

    {'/scratch/grimesdj/ripchannel/uniRip//figures/ter2D_h10t10s04d00_velocity_and_vorticity_stats.pdf'}


fout_momentum =

  31x1 cell array

    {'/scratch/grimesdj/ripchannel/uniRip//figures/ter2D_h10t10s04d00_xshore_momentum_term_PgrdX_time_averaged.pdf'          }
    {'/scratch/grimesdj/ripchannel/uniRip//figures/ter2D_h10t10s04d00_xshore_momentum_term_PgrdY_time_averaged.pdf'          }
    {'/scratch/grimesdj/ripchannel/uniRip//figures/ter2D_h10t10s04d00_xshore_momentum_term_BrkDissX_time_averaged.pdf'       }
    {'/scratch/grimesdj/ripchannel/uniRip//figures/ter2D_h10t10s04d00_xshore_momentum_term_BrkDissY_time_averaged.pdf'       }
    {'/scratch/grimesdj/ripchannel/uniRip//figures/ter2D_h10t10s04d00_xshore_momentum_term_DxSxx_time_averaged.pdf'          }
    {'/scratch/grimesdj/ripchannel/uniRip//figures/ter2D_h10t10s04d00_xshore_momentum_term_DxSxy_time_averaged.pdf'          }
    {'/scratch/grimesdj/ripchannel/uniRip//figures/ter2D_h10t10s04d00_xshore_momentum_term_DySxy_time_averaged.pdf'          }
    {'/scratch/grimesdj/ripchannel/uniRip//figures/ter2D_h10t10s04d00_xshore_momentum_term_DySyy_time_averaged.pdf'          }
    {'/scratch/grimesdj/ripchannel/uniRip//figures/ter2D_h10t10s04d00_xshore_momentum_term_DxUUH_time_averaged.pdf'          }
    {'/scratch/grimesdj/ripchannel/uniRip//figures/ter2D_h10t10s04d00_xshore_momentum_term_DxUVH_time_averaged.pdf'          }
    {'/scratch/grimesdj/ripchannel/uniRip//figures/ter2D_h10t10s04d00_xshore_momentum_term_DyUVH_time_averaged.pdf'          }
    {'/scratch/grimesdj/ripchannel/uniRip//figures/ter2D_h10t10s04d00_xshore_momentum_term_DyVVH_time_averaged.pdf'          }
    {'/scratch/grimesdj/ripchannel/uniRip//figures/ter2D_h10t10s04d00_xshore_momentum_term_FRCX_time_averaged.pdf'           }
    {'/scratch/grimesdj/ripchannel/uniRip//figures/ter2D_h10t10s04d00_xshore_momentum_term_FRCY_time_averaged.pdf'           }
    {'/scratch/grimesdj/ripchannel/uniRip//figures/ter2D_h10t10s04d00_time_averaged_velocity.pdf'                            }
    {'/scratch/grimesdj/ripchannel/uniRip//figures/ter2D_h10t10s04d00_time_averaged_waterlevel.pdf'                          }
    {'/scratch/grimesdj/ripchannel/uniRip//figures/ter2D_h10t10s04d00_time_averaged_vorticity.pdf'                           }
    {'/scratch/grimesdj/ripchannel/uniRip//figures/ter2D_h10t10s04d00_time_averaged_streamfunction.pdf'                      }
    {'/scratch/grimesdj/ripchannel/uniRip//figures/ter2D_h10t10s04d00_xshore_momentum_terms_time_and_alongshore_averaged.pdf'}
    {'/scratch/grimesdj/ripchannel/uniRip//figures/ter2D_h10t10s04d00dominant_momentum_terms_InnerSurfzone.pdf'              }
    {'/scratch/grimesdj/ripchannel/uniRip//figures/ter2D_h10t10s04d00dominant_momentum_terms_MiddleSurfzone.pdf'             }
    {'/scratch/grimesdj/ripchannel/uniRip//figures/ter2D_h10t10s04d00dominant_momentum_terms_OuterSurfzone.pdf'              }
    {'/scratch/grimesdj/ripchannel/uniRip//figures/ter2D_h10t10s04d00dominant_momentum_terms_std_InnerSurfzone.pdf'          }
    {'/scratch/grimesdj/ripchannel/uniRip//figures/ter2D_h10t10s04d00dominant_momentum_terms_std_MiddleSurfzone.pdf'         }
    {'/scratch/grimesdj/ripchannel/uniRip//figures/ter2D_h10t10s04d00dominant_momentum_terms_std_OuterSurfzone.pdf'          }
    {'/scratch/grimesdj/ripchannel/uniRip//figures/ter2D_h10t10s04d00_time_averaged_vs_eddy_x_advection.pdf'                 }
    {'/scratch/grimesdj/ripchannel/uniRip//figures/ter2D_h10t10s04d00_time_averaged_vs_eddy_y_advection.pdf'                 }
    {'/scratch/grimesdj/ripchannel/uniRip//figures/ter2D_h10t10s04d00_reynolds_stress_estimate.pdf'                          }
    {'/scratch/grimesdj/ripchannel/uniRip//figures/ter2D_h10t10s04d00_std_curl_Fbr.pdf'                                      }
    {'/scratch/grimesdj/ripchannel/uniRip//figures/ter2D_h10t10s04d00_curl_of_radiation_stress_gradient'                     }
    {'/scratch/grimesdj/ripchannel/uniRip//figures/ter2D_h10t10s04d00_curl_of_breaking_force'                                }

loading from: funwave_ter2D_h10t10s04d00_uwavg_01.nc 
fixing eta to time-mean... bug in source code

fout_momentum_offline =

  3x1 cell array

    {'/scratch/grimesdj/ripchannel/uniRip//figures/ter2D_h10t10s04d00_time_averaged_vs_eddy_x_advection_offline_calculation.pdf'}
    {'/scratch/grimesdj/ripchannel/uniRip//figures/ter2D_h10t10s04d00_time_averaged_vs_eddy_y_advection_offline_calculation.pdf'}
    {'/scratch/grimesdj/ripchannel/uniRip//figures/ter2D_h10t10s04d00_time_averaged_pressure_gradient_offline_calculation.pdf'  }


 processing: uniRip ter2D_h10t10s10d00 

ans =

     0


Restricting cross-shore analysis to x<=400.000000
working on: dep
	removing old files:
rm: cannot remove '/scratch/grimesdj/ripchannel/uniRip/mat_data/funwave_ter2D_h10t10s10d00_dep*.nc': No such file or directory
 archiving: /scratch/grimesdj/ripchannel/uniRip/mat_data/funwave_ter2D_h10t10s10d00_dep.nc 
working on: etawavg
	removing old files:
rm: cannot remove '/scratch/grimesdj/ripchannel/uniRip/mat_data/funwave_ter2D_h10t10s10d00_etawavg_*.nc': No such file or directory
 archiving: /scratch/grimesdj/ripchannel/uniRip/mat_data/funwave_ter2D_h10t10s10d00_etawavg_01.nc 
working on: uwavg
	removing old files:
rm: cannot remove '/scratch/grimesdj/ripchannel/uniRip/mat_data/funwave_ter2D_h10t10s10d00_uwavg_*.nc': No such file or directory
 archiving: /scratch/grimesdj/ripchannel/uniRip/mat_data/funwave_ter2D_h10t10s10d00_uwavg_01.nc 
working on: vwavg
	removing old files:
rm: cannot remove '/scratch/grimesdj/ripchannel/uniRip/mat_data/funwave_ter2D_h10t10s10d00_vwavg_*.nc': No such file or directory
 archiving: /scratch/grimesdj/ripchannel/uniRip/mat_data/funwave_ter2D_h10t10s10d00_vwavg_01.nc 
working on: BrkDissX
	removing old files:
rm: cannot remove '/scratch/grimesdj/ripchannel/uniRip/mat_data/funwave_ter2D_h10t10s10d00_MomentumTerms*.nc': No such file or directory
 archiving: /scratch/grimesdj/ripchannel/uniRip/mat_data/funwave_ter2D_h10t10s10d00_MomentumTerms.nc 
working on: BrkDissY
 archiving: /scratch/grimesdj/ripchannel/uniRip/mat_data/funwave_ter2D_h10t10s10d00_MomentumTerms.nc 
working on: DxSxx
 archiving: /scratch/grimesdj/ripchannel/uniRip/mat_data/funwave_ter2D_h10t10s10d00_MomentumTerms.nc 
working on: DxSxy
 archiving: /scratch/grimesdj/ripchannel/uniRip/mat_data/funwave_ter2D_h10t10s10d00_MomentumTerms.nc 
working on: DxUUH
 archiving: /scratch/grimesdj/ripchannel/uniRip/mat_data/funwave_ter2D_h10t10s10d00_MomentumTerms.nc 
working on: DxUVH
 archiving: /scratch/grimesdj/ripchannel/uniRip/mat_data/funwave_ter2D_h10t10s10d00_MomentumTerms.nc 
working on: DySxy
 archiving: /scratch/grimesdj/ripchannel/uniRip/mat_data/funwave_ter2D_h10t10s10d00_MomentumTerms.nc 
working on: DySyy
 archiving: /scratch/grimesdj/ripchannel/uniRip/mat_data/funwave_ter2D_h10t10s10d00_MomentumTerms.nc 
working on: DyUVH
 archiving: /scratch/grimesdj/ripchannel/uniRip/mat_data/funwave_ter2D_h10t10s10d00_MomentumTerms.nc 
working on: DyVVH
 archiving: /scratch/grimesdj/ripchannel/uniRip/mat_data/funwave_ter2D_h10t10s10d00_MomentumTerms.nc 
working on: FRCX
 archiving: /scratch/grimesdj/ripchannel/uniRip/mat_data/funwave_ter2D_h10t10s10d00_MomentumTerms.nc 
working on: FRCY
 archiving: /scratch/grimesdj/ripchannel/uniRip/mat_data/funwave_ter2D_h10t10s10d00_MomentumTerms.nc 
working on: PgrdX
 archiving: /scratch/grimesdj/ripchannel/uniRip/mat_data/funwave_ter2D_h10t10s10d00_MomentumTerms.nc 
working on: PgrdY
 archiving: /scratch/grimesdj/ripchannel/uniRip/mat_data/funwave_ter2D_h10t10s10d00_MomentumTerms.nc 
working on: Sxx
 archiving: /scratch/grimesdj/ripchannel/uniRip/mat_data/funwave_ter2D_h10t10s10d00_MomentumTerms.nc 
working on: Syy
 archiving: /scratch/grimesdj/ripchannel/uniRip/mat_data/funwave_ter2D_h10t10s10d00_MomentumTerms.nc 
working on: Sxy
 archiving: /scratch/grimesdj/ripchannel/uniRip/mat_data/funwave_ter2D_h10t10s10d00_MomentumTerms.nc 
working on: umean
 archiving: /scratch/grimesdj/ripchannel/uniRip/mat_data/funwave_ter2D_h10t10s10d00_MomentumTerms.nc 
working on: vmean
 archiving: /scratch/grimesdj/ripchannel/uniRip/mat_data/funwave_ter2D_h10t10s10d00_MomentumTerms.nc 
working on: etamean
 archiving: /scratch/grimesdj/ripchannel/uniRip/mat_data/funwave_ter2D_h10t10s10d00_MomentumTerms.nc 
working on: Hsig
 archiving: /scratch/grimesdj/ripchannel/uniRip/mat_data/funwave_ter2D_h10t10s10d00_MomentumTerms.nc 
loading from: funwave_ter2D_h10t10s10d00_uwavg_01.nc 

fout_stats =

  1x1 cell array

    {'/scratch/grimesdj/ripchannel/uniRip//figures/ter2D_h10t10s10d00_velocity_and_vorticity_stats.pdf'}


fout_momentum =

  31x1 cell array

    {'/scratch/grimesdj/ripchannel/uniRip//figures/ter2D_h10t10s10d00_xshore_momentum_term_PgrdX_time_averaged.pdf'          }
    {'/scratch/grimesdj/ripchannel/uniRip//figures/ter2D_h10t10s10d00_xshore_momentum_term_PgrdY_time_averaged.pdf'          }
    {'/scratch/grimesdj/ripchannel/uniRip//figures/ter2D_h10t10s10d00_xshore_momentum_term_BrkDissX_time_averaged.pdf'       }
    {'/scratch/grimesdj/ripchannel/uniRip//figures/ter2D_h10t10s10d00_xshore_momentum_term_BrkDissY_time_averaged.pdf'       }
    {'/scratch/grimesdj/ripchannel/uniRip//figures/ter2D_h10t10s10d00_xshore_momentum_term_DxSxx_time_averaged.pdf'          }
    {'/scratch/grimesdj/ripchannel/uniRip//figures/ter2D_h10t10s10d00_xshore_momentum_term_DxSxy_time_averaged.pdf'          }
    {'/scratch/grimesdj/ripchannel/uniRip//figures/ter2D_h10t10s10d00_xshore_momentum_term_DySxy_time_averaged.pdf'          }
    {'/scratch/grimesdj/ripchannel/uniRip//figures/ter2D_h10t10s10d00_xshore_momentum_term_DySyy_time_averaged.pdf'          }
    {'/scratch/grimesdj/ripchannel/uniRip//figures/ter2D_h10t10s10d00_xshore_momentum_term_DxUUH_time_averaged.pdf'          }
    {'/scratch/grimesdj/ripchannel/uniRip//figures/ter2D_h10t10s10d00_xshore_momentum_term_DxUVH_time_averaged.pdf'          }
    {'/scratch/grimesdj/ripchannel/uniRip//figures/ter2D_h10t10s10d00_xshore_momentum_term_DyUVH_time_averaged.pdf'          }
    {'/scratch/grimesdj/ripchannel/uniRip//figures/ter2D_h10t10s10d00_xshore_momentum_term_DyVVH_time_averaged.pdf'          }
    {'/scratch/grimesdj/ripchannel/uniRip//figures/ter2D_h10t10s10d00_xshore_momentum_term_FRCX_time_averaged.pdf'           }
    {'/scratch/grimesdj/ripchannel/uniRip//figures/ter2D_h10t10s10d00_xshore_momentum_term_FRCY_time_averaged.pdf'           }
    {'/scratch/grimesdj/ripchannel/uniRip//figures/ter2D_h10t10s10d00_time_averaged_velocity.pdf'                            }
    {'/scratch/grimesdj/ripchannel/uniRip//figures/ter2D_h10t10s10d00_time_averaged_waterlevel.pdf'                          }
    {'/scratch/grimesdj/ripchannel/uniRip//figures/ter2D_h10t10s10d00_time_averaged_vorticity.pdf'                           }
    {'/scratch/grimesdj/ripchannel/uniRip//figures/ter2D_h10t10s10d00_time_averaged_streamfunction.pdf'                      }
    {'/scratch/grimesdj/ripchannel/uniRip//figures/ter2D_h10t10s10d00_xshore_momentum_terms_time_and_alongshore_averaged.pdf'}
    {'/scratch/grimesdj/ripchannel/uniRip//figures/ter2D_h10t10s10d00dominant_momentum_terms_InnerSurfzone.pdf'              }
    {'/scratch/grimesdj/ripchannel/uniRip//figures/ter2D_h10t10s10d00dominant_momentum_terms_MiddleSurfzone.pdf'             }
    {'/scratch/grimesdj/ripchannel/uniRip//figures/ter2D_h10t10s10d00dominant_momentum_terms_OuterSurfzone.pdf'              }
    {'/scratch/grimesdj/ripchannel/uniRip//figures/ter2D_h10t10s10d00dominant_momentum_terms_std_InnerSurfzone.pdf'          }
    {'/scratch/grimesdj/ripchannel/uniRip//figures/ter2D_h10t10s10d00dominant_momentum_terms_std_MiddleSurfzone.pdf'         }
    {'/scratch/grimesdj/ripchannel/uniRip//figures/ter2D_h10t10s10d00dominant_momentum_terms_std_OuterSurfzone.pdf'          }
    {'/scratch/grimesdj/ripchannel/uniRip//figures/ter2D_h10t10s10d00_time_averaged_vs_eddy_x_advection.pdf'                 }
    {'/scratch/grimesdj/ripchannel/uniRip//figures/ter2D_h10t10s10d00_time_averaged_vs_eddy_y_advection.pdf'                 }
    {'/scratch/grimesdj/ripchannel/uniRip//figures/ter2D_h10t10s10d00_reynolds_stress_estimate.pdf'                          }
    {'/scratch/grimesdj/ripchannel/uniRip//figures/ter2D_h10t10s10d00_std_curl_Fbr.pdf'                                      }
    {'/scratch/grimesdj/ripchannel/uniRip//figures/ter2D_h10t10s10d00_curl_of_radiation_stress_gradient'                     }
    {'/scratch/grimesdj/ripchannel/uniRip//figures/ter2D_h10t10s10d00_curl_of_breaking_force'                                }

loading from: funwave_ter2D_h10t10s10d00_uwavg_01.nc 
fixing eta to time-mean... bug in source code

fout_momentum_offline =

  3x1 cell array

    {'/scratch/grimesdj/ripchannel/uniRip//figures/ter2D_h10t10s10d00_time_averaged_vs_eddy_x_advection_offline_calculation.pdf'}
    {'/scratch/grimesdj/ripchannel/uniRip//figures/ter2D_h10t10s10d00_time_averaged_vs_eddy_y_advection_offline_calculation.pdf'}
    {'/scratch/grimesdj/ripchannel/uniRip//figures/ter2D_h10t10s10d00_time_averaged_pressure_gradient_offline_calculation.pdf'  }


 processing: uniRip ter2D_h10t10s20d00 

ans =

     0


Restricting cross-shore analysis to x<=400.000000
working on: dep
	removing old files:
rm: cannot remove '/scratch/grimesdj/ripchannel/uniRip/mat_data/funwave_ter2D_h10t10s20d00_dep*.nc': No such file or directory
 archiving: /scratch/grimesdj/ripchannel/uniRip/mat_data/funwave_ter2D_h10t10s20d00_dep.nc 
working on: etawavg
	removing old files:
rm: cannot remove '/scratch/grimesdj/ripchannel/uniRip/mat_data/funwave_ter2D_h10t10s20d00_etawavg_*.nc': No such file or directory
 archiving: /scratch/grimesdj/ripchannel/uniRip/mat_data/funwave_ter2D_h10t10s20d00_etawavg_01.nc 
working on: uwavg
	removing old files:
rm: cannot remove '/scratch/grimesdj/ripchannel/uniRip/mat_data/funwave_ter2D_h10t10s20d00_uwavg_*.nc': No such file or directory
 archiving: /scratch/grimesdj/ripchannel/uniRip/mat_data/funwave_ter2D_h10t10s20d00_uwavg_01.nc 
working on: vwavg
	removing old files:
rm: cannot remove '/scratch/grimesdj/ripchannel/uniRip/mat_data/funwave_ter2D_h10t10s20d00_vwavg_*.nc': No such file or directory
 archiving: /scratch/grimesdj/ripchannel/uniRip/mat_data/funwave_ter2D_h10t10s20d00_vwavg_01.nc 
working on: BrkDissX
	removing old files:
rm: cannot remove '/scratch/grimesdj/ripchannel/uniRip/mat_data/funwave_ter2D_h10t10s20d00_MomentumTerms*.nc': No such file or directory
 archiving: /scratch/grimesdj/ripchannel/uniRip/mat_data/funwave_ter2D_h10t10s20d00_MomentumTerms.nc 
working on: BrkDissY
 archiving: /scratch/grimesdj/ripchannel/uniRip/mat_data/funwave_ter2D_h10t10s20d00_MomentumTerms.nc 
working on: DxSxx
 archiving: /scratch/grimesdj/ripchannel/uniRip/mat_data/funwave_ter2D_h10t10s20d00_MomentumTerms.nc 
working on: DxSxy
 archiving: /scratch/grimesdj/ripchannel/uniRip/mat_data/funwave_ter2D_h10t10s20d00_MomentumTerms.nc 
working on: DxUUH
 archiving: /scratch/grimesdj/ripchannel/uniRip/mat_data/funwave_ter2D_h10t10s20d00_MomentumTerms.nc 
working on: DxUVH
 archiving: /scratch/grimesdj/ripchannel/uniRip/mat_data/funwave_ter2D_h10t10s20d00_MomentumTerms.nc 
working on: DySxy
 archiving: /scratch/grimesdj/ripchannel/uniRip/mat_data/funwave_ter2D_h10t10s20d00_MomentumTerms.nc 
working on: DySyy
 archiving: /scratch/grimesdj/ripchannel/uniRip/mat_data/funwave_ter2D_h10t10s20d00_MomentumTerms.nc 
working on: DyUVH
 archiving: /scratch/grimesdj/ripchannel/uniRip/mat_data/funwave_ter2D_h10t10s20d00_MomentumTerms.nc 
working on: DyVVH
 archiving: /scratch/grimesdj/ripchannel/uniRip/mat_data/funwave_ter2D_h10t10s20d00_MomentumTerms.nc 
working on: FRCX
 archiving: /scratch/grimesdj/ripchannel/uniRip/mat_data/funwave_ter2D_h10t10s20d00_MomentumTerms.nc 
working on: FRCY
 archiving: /scratch/grimesdj/ripchannel/uniRip/mat_data/funwave_ter2D_h10t10s20d00_MomentumTerms.nc 
working on: PgrdX
 archiving: /scratch/grimesdj/ripchannel/uniRip/mat_data/funwave_ter2D_h10t10s20d00_MomentumTerms.nc 
working on: PgrdY
 archiving: /scratch/grimesdj/ripchannel/uniRip/mat_data/funwave_ter2D_h10t10s20d00_MomentumTerms.nc 
working on: Sxx
 archiving: /scratch/grimesdj/ripchannel/uniRip/mat_data/funwave_ter2D_h10t10s20d00_MomentumTerms.nc 
working on: Syy
 archiving: /scratch/grimesdj/ripchannel/uniRip/mat_data/funwave_ter2D_h10t10s20d00_MomentumTerms.nc 
working on: Sxy
 archiving: /scratch/grimesdj/ripchannel/uniRip/mat_data/funwave_ter2D_h10t10s20d00_MomentumTerms.nc 
working on: umean
 archiving: /scratch/grimesdj/ripchannel/uniRip/mat_data/funwave_ter2D_h10t10s20d00_MomentumTerms.nc 
working on: vmean
 archiving: /scratch/grimesdj/ripchannel/uniRip/mat_data/funwave_ter2D_h10t10s20d00_MomentumTerms.nc 
working on: etamean
 archiving: /scratch/grimesdj/ripchannel/uniRip/mat_data/funwave_ter2D_h10t10s20d00_MomentumTerms.nc 
working on: Hsig
 archiving: /scratch/grimesdj/ripchannel/uniRip/mat_data/funwave_ter2D_h10t10s20d00_MomentumTerms.nc 
loading from: funwave_ter2D_h10t10s20d00_uwavg_01.nc 

fout_stats =

  1x1 cell array

    {'/scratch/grimesdj/ripchannel/uniRip//figures/ter2D_h10t10s20d00_velocity_and_vorticity_stats.pdf'}


fout_momentum =

  31x1 cell array

    {'/scratch/grimesdj/ripchannel/uniRip//figures/ter2D_h10t10s20d00_xshore_momentum_term_PgrdX_time_averaged.pdf'          }
    {'/scratch/grimesdj/ripchannel/uniRip//figures/ter2D_h10t10s20d00_xshore_momentum_term_PgrdY_time_averaged.pdf'          }
    {'/scratch/grimesdj/ripchannel/uniRip//figures/ter2D_h10t10s20d00_xshore_momentum_term_BrkDissX_time_averaged.pdf'       }
    {'/scratch/grimesdj/ripchannel/uniRip//figures/ter2D_h10t10s20d00_xshore_momentum_term_BrkDissY_time_averaged.pdf'       }
    {'/scratch/grimesdj/ripchannel/uniRip//figures/ter2D_h10t10s20d00_xshore_momentum_term_DxSxx_time_averaged.pdf'          }
    {'/scratch/grimesdj/ripchannel/uniRip//figures/ter2D_h10t10s20d00_xshore_momentum_term_DxSxy_time_averaged.pdf'          }
    {'/scratch/grimesdj/ripchannel/uniRip//figures/ter2D_h10t10s20d00_xshore_momentum_term_DySxy_time_averaged.pdf'          }
    {'/scratch/grimesdj/ripchannel/uniRip//figures/ter2D_h10t10s20d00_xshore_momentum_term_DySyy_time_averaged.pdf'          }
    {'/scratch/grimesdj/ripchannel/uniRip//figures/ter2D_h10t10s20d00_xshore_momentum_term_DxUUH_time_averaged.pdf'          }
    {'/scratch/grimesdj/ripchannel/uniRip//figures/ter2D_h10t10s20d00_xshore_momentum_term_DxUVH_time_averaged.pdf'          }
    {'/scratch/grimesdj/ripchannel/uniRip//figures/ter2D_h10t10s20d00_xshore_momentum_term_DyUVH_time_averaged.pdf'          }
    {'/scratch/grimesdj/ripchannel/uniRip//figures/ter2D_h10t10s20d00_xshore_momentum_term_DyVVH_time_averaged.pdf'          }
    {'/scratch/grimesdj/ripchannel/uniRip//figures/ter2D_h10t10s20d00_xshore_momentum_term_FRCX_time_averaged.pdf'           }
    {'/scratch/grimesdj/ripchannel/uniRip//figures/ter2D_h10t10s20d00_xshore_momentum_term_FRCY_time_averaged.pdf'           }
    {'/scratch/grimesdj/ripchannel/uniRip//figures/ter2D_h10t10s20d00_time_averaged_velocity.pdf'                            }
    {'/scratch/grimesdj/ripchannel/uniRip//figures/ter2D_h10t10s20d00_time_averaged_waterlevel.pdf'                          }
    {'/scratch/grimesdj/ripchannel/uniRip//figures/ter2D_h10t10s20d00_time_averaged_vorticity.pdf'                           }
    {'/scratch/grimesdj/ripchannel/uniRip//figures/ter2D_h10t10s20d00_time_averaged_streamfunction.pdf'                      }
    {'/scratch/grimesdj/ripchannel/uniRip//figures/ter2D_h10t10s20d00_xshore_momentum_terms_time_and_alongshore_averaged.pdf'}
    {'/scratch/grimesdj/ripchannel/uniRip//figures/ter2D_h10t10s20d00dominant_momentum_terms_InnerSurfzone.pdf'              }
    {'/scratch/grimesdj/ripchannel/uniRip//figures/ter2D_h10t10s20d00dominant_momentum_terms_MiddleSurfzone.pdf'             }
    {'/scratch/grimesdj/ripchannel/uniRip//figures/ter2D_h10t10s20d00dominant_momentum_terms_OuterSurfzone.pdf'              }
    {'/scratch/grimesdj/ripchannel/uniRip//figures/ter2D_h10t10s20d00dominant_momentum_terms_std_InnerSurfzone.pdf'          }
    {'/scratch/grimesdj/ripchannel/uniRip//figures/ter2D_h10t10s20d00dominant_momentum_terms_std_MiddleSurfzone.pdf'         }
    {'/scratch/grimesdj/ripchannel/uniRip//figures/ter2D_h10t10s20d00dominant_momentum_terms_std_OuterSurfzone.pdf'          }
    {'/scratch/grimesdj/ripchannel/uniRip//figures/ter2D_h10t10s20d00_time_averaged_vs_eddy_x_advection.pdf'                 }
    {'/scratch/grimesdj/ripchannel/uniRip//figures/ter2D_h10t10s20d00_time_averaged_vs_eddy_y_advection.pdf'                 }
    {'/scratch/grimesdj/ripchannel/uniRip//figures/ter2D_h10t10s20d00_reynolds_stress_estimate.pdf'                          }
    {'/scratch/grimesdj/ripchannel/uniRip//figures/ter2D_h10t10s20d00_std_curl_Fbr.pdf'                                      }
    {'/scratch/grimesdj/ripchannel/uniRip//figures/ter2D_h10t10s20d00_curl_of_radiation_stress_gradient'                     }
    {'/scratch/grimesdj/ripchannel/uniRip//figures/ter2D_h10t10s20d00_curl_of_breaking_force'                                }

loading from: funwave_ter2D_h10t10s20d00_uwavg_01.nc 
fixing eta to time-mean... bug in source code

fout_momentum_offline =

  3x1 cell array

    {'/scratch/grimesdj/ripchannel/uniRip//figures/ter2D_h10t10s20d00_time_averaged_vs_eddy_x_advection_offline_calculation.pdf'}
    {'/scratch/grimesdj/ripchannel/uniRip//figures/ter2D_h10t10s20d00_time_averaged_vs_eddy_y_advection_offline_calculation.pdf'}
    {'/scratch/grimesdj/ripchannel/uniRip//figures/ter2D_h10t10s20d00_time_averaged_pressure_gradient_offline_calculation.pdf'  }

>> >> 